0	1.	1.11022e-16	pass
0	2.	4.44089e-16	pass
0	3.	1.33227e-15	pass
0	4.	1.77636e-15	pass
0	5.	1.77636e-15	pass
0	6.	5.32907e-15	pass
0	7.	8.88178e-15	pass
0	8.	1.24345e-14	pass
0	9.	1.59872e-14	pass
0	10.	0.	pass
