0	1.125	5.37277e-07	pass
0	2.	4.44089e-16	pass
0	3.	1.33227e-15	pass
0	4.	1.77636e-15	pass
0	6.	5.32907e-15	pass
0	8.	1.24345e-14	pass
0	10.	0.	pass
1	1.25	1.0434e-08	pass
1	5.	1.77636e-15	pass
2	1.5	2.22045e-16	pass
2	9.	1.59872e-14	pass
3	1.5	2.22045e-16	pass
3	2.	4.44089e-16	pass
3	3.5	1.77636e-15	pass
3	5.5	3.55271e-15	pass
3	7.5	1.06581e-14	pass
3	9.5	1.77636e-14	pass
