Test LU...
Test MatForwardSolve...
Test MatBackwardSolve...