DEBUG T
  type: mpiaij
  row 0:   (0, 0.)    (1, 0.)    (2, 0.)    (3, 0.)   
  row 1:   (0, 0.)    (1, 0.)    (2, 0.)    (3, 0.)   
  row 2:   (0, 0.)    (1, 0.)    (2, 0.)    (3, 0.)   
  row 3:   (0, 0.)    (1, 0.)    (2, 0.)    (3, 0.)   
DEBUG B
  type: mpiaij
  row 0:   (0, 0.)    (1, 0.)    (2, 0.)    (3, 0.)   
  row 1:   (0, 0.)    (1, 0.)    (2, 0.)    (3, 0.)   
  row 2:   (0, 0.)    (1, 0.)    (2, 0.)    (3, 0.)   
  row 3:   (0, 0.)    (1, 0.)    (2, 0.)    (3, 0.)   
DEBUG A
  type: mpiaij
  row 0:   (0, 0.)    (1, 0.)    (2, 0.)    (3, 0.)   
  row 1:   (0, 0.)    (1, 0.)    (2, 0.)    (3, 0.)   
  row 2:   (0, 0.)    (1, 0.)    (2, 0.)    (3, 0.)   
  row 3:   (0, 0.)    (1, 0.)    (2, 0.)    (3, 0.)   
DEBUG B
  type: mpiaij
  row 0:   (0, 0.)    (1, 0.)    (2, 0.)    (3, 0.)   
  row 1:   (0, 0.)    (1, 0.)    (2, 0.)    (3, 0.)   
  row 2:   (0, 0.)    (1, 0.)    (2, 0.)    (3, 0.)   
  row 3:   (0, 0.)    (1, 0.)    (2, 0.)    (3, 0.)   
DEBUG A
  type: mpiaij
  row 0:   (0, 0.)    (1, 0.)    (2, 0.)    (3, 0.)   
  row 1:   (0, 0.)    (1, 0.)    (2, 0.)    (3, 0.)   
  row 2:   (0, 0.)    (1, 0.)    (2, 0.)    (3, 0.)   
  row 3:   (0, 0.)    (1, 0.)    (2, 0.)    (3, 0.)   
