DEBUG T
  type: mpiaij
  row 0:   (0, 0.)   
  row 1:   (1, 0.)   
  row 2:   (2, 0.)   
  row 3:   (3, 0.)   
DEBUG B
  type: mpiaij
  row 0:   (0, 0.)   
  row 1:   (1, 0.)   
  row 2:   (2, 0.)   
  row 3:   (3, 0.)   
DEBUG A
  type: mpiaij
  row 0:   (0, 0.)   
  row 1:   (1, 0.)   
  row 2:   (2, 0.)   
  row 3:   (3, 0.)   
DEBUG B
  type: mpiaij
  row 0:   (0, 0.)   
  row 1:   (1, 0.)   
  row 2:   (2, 0.)   
  row 3:   (3, 0.)   
DEBUG A
  type: mpiaij
  row 0:   (0, 0.)   
  row 1:   (1, 0.)   
  row 2:   (2, 0.)   
  row 3:   (3, 0.)   
