DEBUG T
  type: mpiaij
  row 0:   (0, 1.)    (1, 2.)    (2, 3.)    (3, 4.)   
  row 1:   (0, 11.)    (1, 12.)    (2, 13.)    (3, 14.)   
  row 2:   (0, 21.)    (1, 22.)    (2, 23.)    (3, 24.)   
  row 3:   (0, 31.)    (1, 32.)    (2, 33.)    (3, 34.)   
DEBUG B
  type: mpiaij
  row 0:   (0, 1.)    (1, 2.)    (2, 3.)    (3, 4.)   
  row 1:   (0, 11.)    (1, 12.)    (2, 13.)    (3, 14.)   
  row 2:   (0, 21.)    (1, 22.)    (2, 23.)    (3, 24.)   
  row 3:   (0, 31.)    (1, 32.)    (2, 33.)    (3, 34.)   
DEBUG A
  type: mpiaij
  row 0:   (0, 1.)    (1, 2.)    (2, 3.)    (3, 4.)   
  row 1:   (0, 11.)    (1, 12.)    (2, 13.)    (3, 14.)   
  row 2:   (0, 21.)    (1, 22.)    (2, 23.)    (3, 24.)   
  row 3:   (0, 31.)    (1, 32.)    (2, 33.)    (3, 34.)   
DEBUG B
  type: mpiaij
  row 0:   (0, 1.)    (1, 2.)    (2, 3.)    (3, 4.)   
  row 1:   (0, 11.)    (1, 12.)    (2, 13.)    (3, 14.)   
  row 2:   (0, 21.)    (1, 22.)    (2, 23.)    (3, 24.)   
  row 3:   (0, 31.)    (1, 32.)    (2, 33.)    (3, 34.)   
DEBUG A
  type: mpiaij
  row 0:   (0, 1.)    (1, 2.)    (2, 3.)    (3, 4.)   
  row 1:   (0, 11.)    (1, 12.)    (2, 13.)    (3, 14.)   
  row 2:   (0, 21.)    (1, 22.)    (2, 23.)    (3, 24.)   
  row 3:   (0, 31.)    (1, 32.)    (2, 33.)    (3, 34.)   
