Mat Object: 1 MPI process
  type: diagonal
  Vec Object: 1 MPI process
    type: seq
  0.
  0.
  0.
  0.
  0.
  0.
  0.
  0.
  0.
  0.
Mat Object: 1 MPI process
  type: diagonal
  rows=10, cols=10
    Vec Object: 1 MPI process
      type: seq
