Mat Object: 1 MPI process
  type: lmvmbfgs
  Scale type: NONE
  Scale history: 1
  Scale params: alpha=1., beta=0.5, rho=1.
  Convex factors: phi=0., theta=0.125
  Max. storage: 5
  Used storage: 0
  Number of updates: 165
  Number of rejects: 0
  Number of resets: 12
