{
  "invoice_number": "2025014905",
  "invoice_period": "Jan 2025",
  "invoice_date": "2025-02-21",
  "due_date": "2025-02-25",
  "invoice_total": 2383867.25,
  "buyer": "Koch Energy Services LLC",
  "seller": "Jane Street Energy Marketing, LLC",
  "line_items": [
    {
      "deal_number": "99206272",
      "buy_sell": "Buy",
      "volume": 10000,
      "price": 3.0375,
      "amount": -30375,
      "pipeline": "NG Firm Phys GTNMALIN"
    },
    {
      "deal_number": "99206874",
      "buy_sell": "Buy",
      "volume": 4700,
      "price": 3.225,
      "amount": -15157.5,
      "pipeline": "NG Firm Phys GTNMALIN"
    },
    {
      "deal_number": "99208434",
      "buy_sell": "Buy",
      "volume": 4000,
      "price": 3.315,
      "amount": -13260,
      "pipeline": "NG Firm Phys GTNMALIN"
    },
    {
      "deal_number": "99205649",
      "buy_sell": "Buy",
      "volume": 5000,
      "price": 3.24,
      "amount": -16200,
      "pipeline": "NG Firm Phys GTNMALIN"
    },
    {
      "deal_number": "99206116",
      "buy_sell": "Buy",
      "volume": 23400,
      "price": 3.4625,
      "amount": -81022.5,
      "pipeline": "NG Firm Phys GTNMALIN"
    },
    {
      "deal_number": "99205948",
      "buy_sell": "Buy",
      "volume": 5000,
      "price": 4.135,
      "amount": -20675,
      "pipeline": "NG Firm Phys GTNMALIN"
    },
    {
      "deal_number": "99210450",
      "buy_sell": "Buy",
      "volume": 60000,
      "price": 4.77,
      "amount": -286200,
      "pipeline": "NG Firm Phys GTNMALIN"
    },
    {
      "deal_number": "99207559",
      "buy_sell": "Buy",
      "volume": 15000,
      "price": 3.8225,
      "amount": -57337.5,
      "pipeline": "NG Firm Phys GTNMALIN"
    },
    {
      "deal_number": "99206447",
      "buy_sell": "Buy",
      "volume": 5000,
      "price": 3.7425,
      "amount": -18712.5,
      "pipeline": "NG Firm Phys GTNMALIN"
    },
    {
      "deal_number": "99226107",
      "buy_sell": "Buy",
      "volume": 20000,
      "price": 3.925,
      "amount": -78500,
      "pipeline": "NG Firm Phys MICHCON"
    },
    {
      "deal_number": "99223772",
      "buy_sell": "Buy",
      "volume": 5000,
      "price": 3.31,
      "amount": -16550,
      "pipeline": "NG Firm Phys MICHCON"
    },
    {
      "deal_number": "99218699",
      "buy_sell": "Buy",
      "volume": 5000,
      "price": 3.1475,
      "amount": -15737.5,
      "pipeline": "NG Firm Phys MICHCON"
    },
    {
      "deal_number": "99218729",
      "buy_sell": "Buy",
      "volume": 5000,
      "price": 3.1475,
      "amount": -15737.5,
      "pipeline": "NG Firm Phys MICHCON"
    },
    {
      "deal_number": "99219918",
      "buy_sell": "Buy",
      "volume": 10000,
      "price": 3.1475,
      "amount": -31475,
      "pipeline": "NG Firm Phys MICHCON"
    },
    {
      "deal_number": "99220140",
      "buy_sell": "Buy",
      "volume": 2500,
      "price": 3.1475,
      "amount": -7868.75,
      "pipeline": "NG Firm Phys MICHCON"
    },
    {
      "deal_number": "99226362",
      "buy_sell": "Buy",
      "volume": 6100,
      "price": 3.03,
      "amount": -18483,
      "pipeline": "NG Firm Phys MICHCON"
    },
    {
      "deal_number": "99211099",
      "buy_sell": "Buy",
      "volume": 10000,
      "price": 2.95,
      "amount": -29500,
      "pipeline": "NG Firm Phys MICHCON"
    },
    {
      "deal_number": "99218112",
      "buy_sell": "Buy",
      "volume": 77500,
      "price": 4.46,
      "amount": -345650,
      "pipeline": "NG Firm Phys PGECG"
    },
    {
      "deal_number": "99203876",
      "buy_sell": "Buy",
      "volume": 22500,
      "price": 3.245,
      "amount": -73012.5,
      "pipeline": "NG Firm Phys PGECG"
    },
    {
      "deal_number": "99208295",
      "buy_sell": "Buy",
      "volume": 1500,
      "price": 3.5375,
      "amount": -5306.25,
      "pipeline": "NG Firm Phys PGECG"
    },
    {
      "deal_number": "99207686",
      "buy_sell": "Buy",
      "volume": 500,
      "price": 3.5275,
      "amount": -1763.75,
      "pipeline": "NG Firm Phys PGECG"
    },
    {
      "deal_number": "99204787",
      "buy_sell": "Buy",
      "volume": 3600,
      "price": 3.6425,
      "amount": -13113,
      "pipeline": "NG Firm Phys PGECG"
    },
    {
      "deal_number": "99207103",
      "buy_sell": "Buy",
      "volume": 12800,
      "price": 5.1,
      "amount": -65280,
      "pipeline": "NG Firm Phys PGECG"
    },
    {
      "deal_number": "99205604",
      "buy_sell": "Sell",
      "volume": 11200,
      "price": 7.685,
      "amount": 86072,
      "pipeline": "NG Firm Phys GULF S POOL16"
    },
    {
      "deal_number": "99204535",
      "buy_sell": "Sell",
      "volume": 1200,
      "price": 3.405,
      "amount": 4086,
      "pipeline": "NG Firm Phys HENRY"
    },
    {
      "deal_number": "99206395",
      "buy_sell": "Sell",
      "volume": 4300,
      "price": 3.155,
      "amount": 13566.5,
      "pipeline": "NG Firm Phys MICHCON"
    },
    {
      "deal_number": "99223951",
      "buy_sell": "Sell",
      "volume": 8900,
      "price": 3.6075,
      "amount": 32106.75,
      "pipeline": "NG Firm Phys MICHCON"
    },
    {
      "deal_number": "99219299",
      "buy_sell": "Sell",
      "volume": 10000,
      "price": 3.72,
      "amount": 37200,
      "pipeline": "NG Firm Phys MICHCON"
    },
    {
      "deal_number": "99219324",
      "buy_sell": "Sell",
      "volume": 6100,
      "price": 3.72,
      "amount": 22692,
      "pipeline": "NG Firm Phys MICHCON"
    },
    {
      "deal_number": "20240925",
      "buy_sell": "Sell",
      "volume": 310000,
      "price": 4.58,
      "amount": 1419800,
      "pipeline": "NG Firm Phys PGECG"
    },
    {
      "deal_number": "20241018",
      "buy_sell": "Sell",
      "volume": 310000,
      "price": 4.595,
      "amount": 1424450,
      "pipeline": "NG Firm Phys PGECG"
    },
    {
      "deal_number": "99206433",
      "buy_sell": "Sell",
      "volume": 6700,
      "price": 3.8375,
      "amount": 25711.25,
      "pipeline": "NG Firm Phys TETCO ELA"
    },
    {
      "deal_number": "99207519",
      "buy_sell": "Sell",
      "volume": 39200,
      "price": 9.585,
      "amount": 375732,
      "pipeline": "NG Firm Phys TETCO ELA"
    },
    {
      "deal_number": "99207605",
      "buy_sell": "Sell",
      "volume": 20800,
      "price": 9.585,
      "amount": 199368,
      "pipeline": "NG Firm Phys TETCO ELA"
    }
  ]
}