Test MatGetInfo
Process   0: 42 84 42 1 0
GlobalMax  : 42 84 42 1 0
GlobalSum  : 42 84 42 1 0
Test MatIsSymmetric: 0
Test MatView
Mat Object: 1 MPI process
  type: is
  Mat Object: (is_) 1 MPI process
    type: seqaij
  row 0:   (7, -1.)    (12, -1.)    (13, 2.)   
  row 1:   (11, -2.)    (12, 4.)    (13, -2.)   
  row 2:   (10, -3.)    (11, 6.)    (12, -3.)   
  row 3:   (9, -4.)    (10, 8.)    (11, -4.)   
  row 4:   (8, -5.)    (9, 10.)    (10, -5.)   
  row 5:   (7, -6.)    (8, 12.)    (9, -6.)   
  row 6:   (7, 14.)    (8, -7.)    (13, -7.)   
  row 7:   (7, -8.)    (12, -8.)    (13, 16.)   
  row 8:   (11, -9.)    (12, 18.)    (13, -9.)   
  row 9:   (10, -10.)    (11, 20.)    (12, -10.)   
  row 10:   (9, -11.)    (10, 22.)    (11, -11.)   
  row 11:   (8, -12.)    (9, 24.)    (10, -12.)   
  row 12:   (7, -13.)    (8, 26.)    (9, -13.)   
  row 13:   (7, 28.)    (8, -14.)    (13, -14.)   
Mat Object: 1 MPI process
  type: seqaij
row 0: (0, -12.)  (1, -1.)  (5, -14.)  (6, 27.) 
row 1: (0, -2.)  (1, 4.)  (2, -2.)  (4, -13.)  (5, 26.)  (6, -13.) 
row 2: (1, -3.)  (2, 6.)  (3, -15.)  (4, 24.)  (5, -12.) 
row 3: (2, -15.)  (3, 30.)  (4, -15.) 
row 4: (1, -10.)  (2, 20.)  (3, -15.)  (4, 10.)  (5, -5.) 
row 5: (0, -9.)  (1, 18.)  (2, -9.)  (4, -6.)  (5, 12.)  (6, -6.) 
row 6: (0, 9.)  (1, -8.)  (5, -7.)  (6, 6.) 
Test CheckMat
Test MatView on binary world
Test MatView on binary self
Test MatView on binary subcomm
Test MatLoad from world
Mat Object: 1 MPI process
  type: is
  rows=7, cols=7
  total: nonzeros=42, allocated nonzeros=42
  total number of mallocs used during MatSetValues calls=0
    Mat Object: 1 MPI process
      type: seqaij
      rows=14, cols=14
      total: nonzeros=42, allocated nonzeros=42
      total number of mallocs used during MatSetValues calls=0
        not using I-node routines
    ISLocalToGlobalMapping Object: 1 MPI process
      type not yet set
    [0] 0 0
    [0] 1 1
    [0] 2 2
    [0] 3 3
    [0] 4 4
    [0] 5 5
    [0] 6 6
    [0] 7 6
    [0] 8 5
    [0] 9 4
    [0] 10 3
    [0] 11 2
    [0] 12 1
    [0] 13 0
    ISLocalToGlobalMapping Object: 1 MPI process
      type not yet set
    [0] 0 0
    [0] 1 1
    [0] 2 2
    [0] 3 3
    [0] 4 4
    [0] 5 5
    [0] 6 6
    [0] 7 6
    [0] 8 5
    [0] 9 4
    [0] 10 3
    [0] 11 2
    [0] 12 1
    [0] 13 0
Test MatLoad from self
Mat Object: 1 MPI process
  type: is
  rows=7, cols=7
  total: nonzeros=42, allocated nonzeros=42
  total number of mallocs used during MatSetValues calls=0
    Mat Object: 1 MPI process
      type: seqaij
      rows=14, cols=14
      total: nonzeros=42, allocated nonzeros=42
      total number of mallocs used during MatSetValues calls=0
        not using I-node routines
    ISLocalToGlobalMapping Object: 1 MPI process
      type not yet set
    [0] 0 0
    [0] 1 1
    [0] 2 2
    [0] 3 3
    [0] 4 4
    [0] 5 5
    [0] 6 6
    [0] 7 6
    [0] 8 5
    [0] 9 4
    [0] 10 3
    [0] 11 2
    [0] 12 1
    [0] 13 0
    ISLocalToGlobalMapping Object: 1 MPI process
      type not yet set
    [0] 0 0
    [0] 1 1
    [0] 2 2
    [0] 3 3
    [0] 4 4
    [0] 5 5
    [0] 6 6
    [0] 7 6
    [0] 8 5
    [0] 9 4
    [0] 10 3
    [0] 11 2
    [0] 12 1
    [0] 13 0
Test MatLoad from subcomm
Mat Object: 1 MPI process
  type: is
  rows=7, cols=7
  total: nonzeros=42, allocated nonzeros=42
  total number of mallocs used during MatSetValues calls=0
    Mat Object: 1 MPI process
      type: seqaij
      rows=14, cols=14
      total: nonzeros=42, allocated nonzeros=42
      total number of mallocs used during MatSetValues calls=0
        not using I-node routines
    ISLocalToGlobalMapping Object: 1 MPI process
      type not yet set
    [0] 0 0
    [0] 1 1
    [0] 2 2
    [0] 3 3
    [0] 4 4
    [0] 5 5
    [0] 6 6
    [0] 7 6
    [0] 8 5
    [0] 9 4
    [0] 10 3
    [0] 11 2
    [0] 12 1
    [0] 13 0
    ISLocalToGlobalMapping Object: 1 MPI process
      type not yet set
    [0] 0 0
    [0] 1 1
    [0] 2 2
    [0] 3 3
    [0] 4 4
    [0] 5 5
    [0] 6 6
    [0] 7 6
    [0] 8 5
    [0] 9 4
    [0] 10 3
    [0] 11 2
    [0] 12 1
    [0] 13 0
Test subcomm MatLoad from world
Mat Object: 1 MPI process
  type: is
  rows=7, cols=7
  total: nonzeros=42, allocated nonzeros=42
  total number of mallocs used during MatSetValues calls=0
    Mat Object: 1 MPI process
      type: seqaij
      rows=14, cols=14
      total: nonzeros=42, allocated nonzeros=42
      total number of mallocs used during MatSetValues calls=0
        not using I-node routines
    ISLocalToGlobalMapping Object: 1 MPI process
      type not yet set
    [0] 0 0
    [0] 1 1
    [0] 2 2
    [0] 3 3
    [0] 4 4
    [0] 5 5
    [0] 6 6
    [0] 7 6
    [0] 8 5
    [0] 9 4
    [0] 10 3
    [0] 11 2
    [0] 12 1
    [0] 13 0
    ISLocalToGlobalMapping Object: 1 MPI process
      type not yet set
    [0] 0 0
    [0] 1 1
    [0] 2 2
    [0] 3 3
    [0] 4 4
    [0] 5 5
    [0] 6 6
    [0] 7 6
    [0] 8 5
    [0] 9 4
    [0] 10 3
    [0] 11 2
    [0] 12 1
    [0] 13 0
Test MatDuplicate and MatAXPY
Test MatConvert_IS_XAIJ
Test MatConvert_XAIJ_IS
Test MatConvert_IS_XAIJ special case (0 0, bs 1 1)
Test MatConvert_IS_XAIJ special case (0 0, bs 1 2)
Test MatConvert_IS_XAIJ special case (0 0, bs 1 3)
Test MatConvert_IS_XAIJ special case (0 0, bs 2 1)
Test MatConvert_IS_XAIJ special case (0 0, bs 2 2)
Test MatConvert_IS_XAIJ special case (0 0, bs 2 3)
Test MatConvert_IS_XAIJ special case (0 0, bs 3 1)
Test MatConvert_IS_XAIJ special case (0 0, bs 3 2)
Test MatConvert_IS_XAIJ special case (0 0, bs 3 3)
Test MatConvert_IS_XAIJ special case (0 1, bs 1 1)
Test MatConvert_IS_XAIJ special case (0 1, bs 1 2)
Test MatConvert_IS_XAIJ special case (0 1, bs 1 3)
Test MatConvert_IS_XAIJ special case (0 1, bs 2 1)
Test MatConvert_IS_XAIJ special case (0 1, bs 2 2)
Test MatConvert_IS_XAIJ special case (0 1, bs 2 3)
Test MatConvert_IS_XAIJ special case (0 1, bs 3 1)
Test MatConvert_IS_XAIJ special case (0 1, bs 3 2)
Test MatConvert_IS_XAIJ special case (0 1, bs 3 3)
Test MatConvert_IS_XAIJ special case (1 0, bs 1 1)
Test MatConvert_IS_XAIJ special case (1 0, bs 1 2)
Test MatConvert_IS_XAIJ special case (1 0, bs 1 3)
Test MatConvert_IS_XAIJ special case (1 0, bs 2 1)
Test MatConvert_IS_XAIJ special case (1 0, bs 2 2)
Test MatConvert_IS_XAIJ special case (1 0, bs 2 3)
Test MatConvert_IS_XAIJ special case (1 0, bs 3 1)
Test MatConvert_IS_XAIJ special case (1 0, bs 3 2)
Test MatConvert_IS_XAIJ special case (1 0, bs 3 3)
Test MatConvert_IS_XAIJ special case (1 1, bs 1 1)
Test MatConvert_IS_XAIJ special case (1 1, bs 1 2)
Test MatConvert_IS_XAIJ special case (1 1, bs 1 3)
Test MatConvert_IS_XAIJ special case (1 1, bs 2 1)
Test MatConvert_IS_XAIJ special case (1 1, bs 2 2)
Test MatConvert_IS_XAIJ special case (1 1, bs 2 3)
Test MatConvert_IS_XAIJ special case (1 1, bs 3 1)
Test MatConvert_IS_XAIJ special case (1 1, bs 3 2)
Test MatConvert_IS_XAIJ special case (1 1, bs 3 3)
Test MatDiagonalScale
Test MatPtAP
Test MatGetLocalSubMatrix
Test MatConvert_Nest_IS
Test MatCreateSubMatrix
Test MatCreateSubMatrices
Test MatDiagonalSet
Test MatShift
IS Object: 1 MPI process
  type: stride
Number of indices in (stride) set 1
0 0
Test MatZeroRows (diag nonzero)
Test MatZeroRowsColumns (diag nonzero)
Test MatMissingDiagonal
[0] [0,7) Missing 1, row 1 (diag nonzero)
Test MatIncreaseOverlap
IS Object: 1 MPI process
  type: general
Number of indices in set 7
0 0
1 1
2 2
3 3
4 4
5 5
6 6
IS Object: 1 MPI process
  type: general
Number of indices in set 7
0 0
1 1
2 2
3 3
4 4
5 5
6 6
IS Object: 1 MPI process
  type: general
Number of indices in set 7
0 0
1 1
2 2
3 3
4 4
5 5
6 6
IS Object: 1 MPI process
  type: general
Number of indices in set 7
0 0
1 1
2 2
3 3
4 4
5 5
6 6
IS Object: 1 MPI process
  type: stride
Number of indices in (stride) set 1
0 0
Test MatZeroRows (diag zero)
Test MatZeroRowsColumns (diag zero)
Test MatMissingDiagonal
[0] [0,7) Missing 1, row 0 (diag zero)
Test MatTranspose
Test MatISFixLocalEmpty
Test MatInvertBlockDiagonal blockdiag 7 0 0 1
Test MatInvertBlockDiagonal blockdiag 7 0 0 2
Test MatInvertBlockDiagonal blockdiag 7 0 0 3
Test MatInvertBlockDiagonal blockdiag 7 0 1 1
Test MatInvertBlockDiagonal blockdiag 7 0 1 2
Test MatInvertBlockDiagonal blockdiag 7 0 1 3
Test MatInvertBlockDiagonal blockdiag 7 0 2 1
Test MatInvertBlockDiagonal blockdiag 7 0 2 2
Test MatInvertBlockDiagonal blockdiag 7 0 2 3
Test MatInvertBlockDiagonal blockdiag 7 1 0 1
Test MatInvertBlockDiagonal blockdiag 7 1 0 2
Test MatInvertBlockDiagonal blockdiag 7 1 0 3
Test MatInvertBlockDiagonal blockdiag 7 1 1 1
Test MatInvertBlockDiagonal blockdiag 7 1 1 2
Test MatInvertBlockDiagonal blockdiag 7 1 1 3
Test MatInvertBlockDiagonal blockdiag 7 1 2 1
Test MatInvertBlockDiagonal blockdiag 7 1 2 2
Test MatInvertBlockDiagonal blockdiag 7 1 2 3
Test MatInvertBlockDiagonal blockdiag 7 2 0 1
Test MatInvertBlockDiagonal blockdiag 7 2 0 2
Test MatInvertBlockDiagonal blockdiag 7 2 0 3
Test MatInvertBlockDiagonal blockdiag 7 2 1 1
Test MatInvertBlockDiagonal blockdiag 7 2 1 2
Test MatInvertBlockDiagonal blockdiag 7 2 1 3
Test MatInvertBlockDiagonal blockdiag 7 2 2 1
Test MatInvertBlockDiagonal blockdiag 7 2 2 2
Test MatInvertBlockDiagonal blockdiag 7 2 2 3
Test MatGetDiagonalBlock
Test MatISSetAllowRepeated(false) with possibly repeated entries
