Test MatGetInfo
Process   0: 21 60 39 1 0
Process   1: 21 60 39 1 0
Process   2: 21 60 39 1 0
GlobalMax  : 21 60 39 1 0
GlobalSum  : 63 180 117 1 0
Test MatIsSymmetric: 0
Test MatView
Mat Object: 3 MPI processes
  type: is
  Mat Object: (is_) 1 MPI process
    type: seqaij
  row 0:  
  row 1:  
  row 2:  
  row 3:  
  row 4:  
  row 5:   (5, -6.)    (7, -7.)    (8, 8.)    (9, 5.)   
  row 6:   (5, 10.)    (6, -13.)    (7, 16.)    (8, -8.)    (9, -5.)   
  row 7:   (5, -13.)    (6, 26.)    (7, -13.)   
  row 8:   (5, 20.)    (6, -13.)    (7, 6.)    (8, -3.)    (9, -10.)   
  row 9:   (5, -11.)    (7, -2.)    (8, -7.)    (9, 20.)   
  Mat Object: (is_) 1 MPI process
    type: seqaij
  row 0:  
  row 1:  
  row 2:  
  row 3:  
  row 4:  
  row 5:   (5, -6.)    (7, -7.)    (8, 8.)    (9, 5.)   
  row 6:   (5, 10.)    (6, -13.)    (7, 16.)    (8, -8.)    (9, -5.)   
  row 7:   (5, -13.)    (6, 26.)    (7, -13.)   
  row 8:   (5, 20.)    (6, -13.)    (7, 6.)    (8, -3.)    (9, -10.)   
  row 9:   (5, -11.)    (7, -2.)    (8, -7.)    (9, 20.)   
  Mat Object: (is_) 1 MPI process
    type: seqaij
  row 0:  
  row 1:  
  row 2:  
  row 3:  
  row 4:  
  row 5:   (5, -6.)    (7, -7.)    (8, 8.)    (9, 5.)   
  row 6:   (5, 10.)    (6, -13.)    (7, 16.)    (8, -8.)    (9, -5.)   
  row 7:   (5, -13.)    (6, 26.)    (7, -13.)   
  row 8:   (5, 20.)    (6, -13.)    (7, 6.)    (8, -3.)    (9, -10.)   
  row 9:   (5, -11.)    (7, -2.)    (8, -7.)    (9, 20.)   
Mat Object: 3 MPI processes
  type: mpiaij
  row 0:   (0, 60.)    (1, -21.)    (2, -6.)    (4, -33.)   
  row 1:   (0, -30.)    (1, -9.)    (2, 18.)    (3, -39.)    (4, 60.)   
  row 2:   (2, -39.)    (3, 78.)    (4, -39.)   
  row 3:   (0, -15.)    (1, -24.)    (2, 48.)    (3, -39.)    (4, 30.)   
  row 4:   (0, 15.)    (1, 24.)    (2, -21.)    (4, -18.)   
Test CheckMat
Test MatView on binary world
Test MatView on binary self
Test MatView on binary subcomm
Test MatLoad from world
Mat Object: 3 MPI processes
  type: is
  rows=5, cols=5
  total: nonzeros=63, allocated nonzeros=63
  total number of mallocs used during MatSetValues calls=0
    Mat Object: 1 MPI process
      type: seqaij
      rows=10, cols=10
      total: nonzeros=21, allocated nonzeros=21
      total number of mallocs used during MatSetValues calls=0
        using I-node routines: found 6 nodes, limit used is 5
    Mat Object: 1 MPI process
      type: seqaij
      rows=10, cols=10
      total: nonzeros=21, allocated nonzeros=21
      total number of mallocs used during MatSetValues calls=0
        using I-node routines: found 6 nodes, limit used is 5
    Mat Object: 1 MPI process
      type: seqaij
      rows=10, cols=10
      total: nonzeros=21, allocated nonzeros=21
      total number of mallocs used during MatSetValues calls=0
        using I-node routines: found 6 nodes, limit used is 5
    ISLocalToGlobalMapping Object: 3 MPI processes
      type not yet set
    [0] 0 0
    [0] 1 1
    [0] 2 2
    [0] 3 3
    [0] 4 4
    [0] 5 4
    [0] 6 3
    [0] 7 2
    [0] 8 1
    [0] 9 0
    [1] 0 0
    [1] 1 1
    [1] 2 2
    [1] 3 3
    [1] 4 4
    [1] 5 4
    [1] 6 3
    [1] 7 2
    [1] 8 1
    [1] 9 0
    [2] 0 0
    [2] 1 1
    [2] 2 2
    [2] 3 3
    [2] 4 4
    [2] 5 4
    [2] 6 3
    [2] 7 2
    [2] 8 1
    [2] 9 0
    ISLocalToGlobalMapping Object: 3 MPI processes
      type not yet set
    [0] 0 0
    [0] 1 1
    [0] 2 2
    [0] 3 3
    [0] 4 4
    [0] 5 4
    [0] 6 3
    [0] 7 2
    [0] 8 1
    [0] 9 0
    [1] 0 0
    [1] 1 1
    [1] 2 2
    [1] 3 3
    [1] 4 4
    [1] 5 4
    [1] 6 3
    [1] 7 2
    [1] 8 1
    [1] 9 0
    [2] 0 0
    [2] 1 1
    [2] 2 2
    [2] 3 3
    [2] 4 4
    [2] 5 4
    [2] 6 3
    [2] 7 2
    [2] 8 1
    [2] 9 0
Test MatLoad from self
Mat Object: 3 MPI processes
  type: is
  rows=5, cols=5
  total: nonzeros=21, allocated nonzeros=21
  total number of mallocs used during MatSetValues calls=0
    Mat Object: 1 MPI process
      type: seqaij
      rows=10, cols=10
      total: nonzeros=21, allocated nonzeros=21
      total number of mallocs used during MatSetValues calls=0
        using I-node routines: found 6 nodes, limit used is 5
    Mat Object: 1 MPI process
      type: seqaij
      rows=0, cols=0
      total: nonzeros=0, allocated nonzeros=0
      total number of mallocs used during MatSetValues calls=0
        not using I-node routines
    Mat Object: 1 MPI process
      type: seqaij
      rows=0, cols=0
      total: nonzeros=0, allocated nonzeros=0
      total number of mallocs used during MatSetValues calls=0
        not using I-node routines
    ISLocalToGlobalMapping Object: 3 MPI processes
      type not yet set
    [0] 0 0
    [0] 1 1
    [0] 2 2
    [0] 3 3
    [0] 4 4
    [0] 5 4
    [0] 6 3
    [0] 7 2
    [0] 8 1
    [0] 9 0
    ISLocalToGlobalMapping Object: 3 MPI processes
      type not yet set
    [0] 0 0
    [0] 1 1
    [0] 2 2
    [0] 3 3
    [0] 4 4
    [0] 5 4
    [0] 6 3
    [0] 7 2
    [0] 8 1
    [0] 9 0
Test MatLoad from subcomm
Mat Object: 3 MPI processes
  type: is
  rows=5, cols=5
  total: nonzeros=42, allocated nonzeros=42
  total number of mallocs used during MatSetValues calls=0
    Mat Object: 1 MPI process
      type: seqaij
      rows=10, cols=10
      total: nonzeros=21, allocated nonzeros=21
      total number of mallocs used during MatSetValues calls=0
        using I-node routines: found 6 nodes, limit used is 5
    Mat Object: 1 MPI process
      type: seqaij
      rows=10, cols=10
      total: nonzeros=21, allocated nonzeros=21
      total number of mallocs used during MatSetValues calls=0
        using I-node routines: found 6 nodes, limit used is 5
    Mat Object: 1 MPI process
      type: seqaij
      rows=0, cols=0
      total: nonzeros=0, allocated nonzeros=0
      total number of mallocs used during MatSetValues calls=0
        not using I-node routines
    ISLocalToGlobalMapping Object: 3 MPI processes
      type not yet set
    [0] 0 0
    [0] 1 1
    [0] 2 2
    [0] 3 3
    [0] 4 4
    [0] 5 4
    [0] 6 3
    [0] 7 2
    [0] 8 1
    [0] 9 0
    [1] 0 0
    [1] 1 1
    [1] 2 2
    [1] 3 3
    [1] 4 4
    [1] 5 4
    [1] 6 3
    [1] 7 2
    [1] 8 1
    [1] 9 0
    ISLocalToGlobalMapping Object: 3 MPI processes
      type not yet set
    [0] 0 0
    [0] 1 1
    [0] 2 2
    [0] 3 3
    [0] 4 4
    [0] 5 4
    [0] 6 3
    [0] 7 2
    [0] 8 1
    [0] 9 0
    [1] 0 0
    [1] 1 1
    [1] 2 2
    [1] 3 3
    [1] 4 4
    [1] 5 4
    [1] 6 3
    [1] 7 2
    [1] 8 1
    [1] 9 0
Test subcomm MatLoad from world
Mat Object: 2 MPI processes
  type: is
  rows=5, cols=5
  total: nonzeros=63, allocated nonzeros=63
  total number of mallocs used during MatSetValues calls=0
    Mat Object: 1 MPI process
      type: seqaij
      rows=20, cols=20
      total: nonzeros=42, allocated nonzeros=42
      total number of mallocs used during MatSetValues calls=0
        using I-node routines: found 12 nodes, limit used is 5
    Mat Object: 1 MPI process
      type: seqaij
      rows=10, cols=10
      total: nonzeros=21, allocated nonzeros=21
      total number of mallocs used during MatSetValues calls=0
        using I-node routines: found 6 nodes, limit used is 5
    ISLocalToGlobalMapping Object: 2 MPI processes
      type not yet set
    [0] 0 0
    [0] 1 1
    [0] 2 2
    [0] 3 3
    [0] 4 4
    [0] 5 4
    [0] 6 3
    [0] 7 2
    [0] 8 1
    [0] 9 0
    [0] 10 0
    [0] 11 1
    [0] 12 2
    [0] 13 3
    [0] 14 4
    [0] 15 4
    [0] 16 3
    [0] 17 2
    [0] 18 1
    [0] 19 0
    [1] 0 0
    [1] 1 1
    [1] 2 2
    [1] 3 3
    [1] 4 4
    [1] 5 4
    [1] 6 3
    [1] 7 2
    [1] 8 1
    [1] 9 0
    ISLocalToGlobalMapping Object: 2 MPI processes
      type not yet set
    [0] 0 0
    [0] 1 1
    [0] 2 2
    [0] 3 3
    [0] 4 4
    [0] 5 4
    [0] 6 3
    [0] 7 2
    [0] 8 1
    [0] 9 0
    [0] 10 0
    [0] 11 1
    [0] 12 2
    [0] 13 3
    [0] 14 4
    [0] 15 4
    [0] 16 3
    [0] 17 2
    [0] 18 1
    [0] 19 0
    [1] 0 0
    [1] 1 1
    [1] 2 2
    [1] 3 3
    [1] 4 4
    [1] 5 4
    [1] 6 3
    [1] 7 2
    [1] 8 1
    [1] 9 0
Test MatDuplicate and MatAXPY
Test MatConvert_IS_XAIJ
Test MatConvert_XAIJ_IS
Test MatDiagonalScale
Test MatPtAP
Test MatGetLocalSubMatrix
Test MatConvert_Nest_IS
Test MatCreateSubMatrix
Test MatCreateSubMatrices
IS Object: 3 MPI processes
  type: stride
[0] Number of indices in (stride) set 1
[0] 0 3
[1] Number of indices in (stride) set 0
[2] Number of indices in (stride) set 0
Test MatZeroRows (diag zero)
Test MatMissingDiagonal
[0] [0,2) Missing 0, row -1 (diag zero)
[1] [2,4) Missing 1, row 3 (diag zero)
[2] [4,5) Missing 0, row -1 (diag zero)
Test MatTranspose
Test MatISFixLocalEmpty
Test MatInvertBlockDiagonal blockdiag 5 0 0 1
Test MatInvertBlockDiagonal blockdiag 5 0 0 2
Test MatInvertBlockDiagonal blockdiag 5 0 0 3
Test MatInvertBlockDiagonal blockdiag 5 0 1 1
Test MatInvertBlockDiagonal blockdiag 5 0 1 2
Test MatInvertBlockDiagonal blockdiag 5 0 1 3
Test MatInvertBlockDiagonal blockdiag 5 0 2 1
Test MatInvertBlockDiagonal blockdiag 5 0 2 2
Test MatInvertBlockDiagonal blockdiag 5 0 2 3
Test MatInvertBlockDiagonal blockdiag 5 1 0 1
Test MatInvertBlockDiagonal blockdiag 5 1 0 2
Test MatInvertBlockDiagonal blockdiag 5 1 0 3
Test MatInvertBlockDiagonal blockdiag 5 1 1 1
Test MatInvertBlockDiagonal blockdiag 5 1 1 2
Test MatInvertBlockDiagonal blockdiag 5 1 1 3
Test MatInvertBlockDiagonal blockdiag 5 1 2 1
Test MatInvertBlockDiagonal blockdiag 5 1 2 2
Test MatInvertBlockDiagonal blockdiag 5 1 2 3
Test MatInvertBlockDiagonal blockdiag 5 2 0 1
Test MatInvertBlockDiagonal blockdiag 5 2 0 2
Test MatInvertBlockDiagonal blockdiag 5 2 0 3
Test MatInvertBlockDiagonal blockdiag 5 2 1 1
Test MatInvertBlockDiagonal blockdiag 5 2 1 2
Test MatInvertBlockDiagonal blockdiag 5 2 1 3
Test MatInvertBlockDiagonal blockdiag 5 2 2 1
Test MatInvertBlockDiagonal blockdiag 5 2 2 2
Test MatInvertBlockDiagonal blockdiag 5 2 2 3
Test MatGetDiagonalBlock
Test MatISSetAllowRepeated(false) with possibly repeated entries
