Test MatGetInfo
Process   0: 27 54 27 1 0
Process   1: 27 54 27 1 0
Process   2: 27 54 27 1 0
Process   3: 27 54 27 1 0
Process   4: 27 54 27 1 0
Process   5: 27 54 27 1 0
GlobalMax  : 27 54 27 1 0
GlobalSum  : 162 324 162 1 0
Test MatIsSymmetric: 0
Test MatView
Mat Object: 6 MPI processes
  type: is
  Mat Object: (is_) 1 MPI process
    type: seqaij
  row 0:   (0, 2.)    (1, -1.)    (11, -1.)   
  row 1:   (0, -2.)    (1, 4.)    (2, -2.)   
  row 2:   (1, -3.)    (2, 6.)    (3, -3.)   
  row 3:   (2, -4.)    (3, 8.)    (4, -4.)   
  row 4:   (3, -5.)    (4, 10.)    (5, -5.)   
  row 5:   (4, -6.)    (5, 12.)    (6, -6.)   
  row 6:   (5, -7.)    (6, 14.)    (7, -7.)   
  row 7:   (6, -8.)    (7, 16.)    (8, -8.)   
  row 8:   (7, -9.)    (8, 18.)    (9, -9.)   
  Mat Object: (is_) 1 MPI process
    type: seqaij
  row 0:   (0, 2.)    (1, -1.)    (11, -1.)   
  row 1:   (0, -2.)    (1, 4.)    (2, -2.)   
  row 2:   (1, -3.)    (2, 6.)    (3, -3.)   
  row 3:   (2, -4.)    (3, 8.)    (4, -4.)   
  row 4:   (3, -5.)    (4, 10.)    (5, -5.)   
  row 5:   (4, -6.)    (5, 12.)    (6, -6.)   
  row 6:   (5, -7.)    (6, 14.)    (7, -7.)   
  row 7:   (6, -8.)    (7, 16.)    (8, -8.)   
  row 8:   (7, -9.)    (8, 18.)    (9, -9.)   
  Mat Object: (is_) 1 MPI process
    type: seqaij
  row 0:   (0, 2.)    (1, -1.)    (11, -1.)   
  row 1:   (0, -2.)    (1, 4.)    (2, -2.)   
  row 2:   (1, -3.)    (2, 6.)    (3, -3.)   
  row 3:   (2, -4.)    (3, 8.)    (4, -4.)   
  row 4:   (3, -5.)    (4, 10.)    (5, -5.)   
  row 5:   (4, -6.)    (5, 12.)    (6, -6.)   
  row 6:   (5, -7.)    (6, 14.)    (7, -7.)   
  row 7:   (6, -8.)    (7, 16.)    (8, -8.)   
  row 8:   (7, -9.)    (8, 18.)    (9, -9.)   
  Mat Object: (is_) 1 MPI process
    type: seqaij
  row 0:   (0, 2.)    (1, -1.)    (11, -1.)   
  row 1:   (0, -2.)    (1, 4.)    (2, -2.)   
  row 2:   (1, -3.)    (2, 6.)    (3, -3.)   
  row 3:   (2, -4.)    (3, 8.)    (4, -4.)   
  row 4:   (3, -5.)    (4, 10.)    (5, -5.)   
  row 5:   (4, -6.)    (5, 12.)    (6, -6.)   
  row 6:   (5, -7.)    (6, 14.)    (7, -7.)   
  row 7:   (6, -8.)    (7, 16.)    (8, -8.)   
  row 8:   (7, -9.)    (8, 18.)    (9, -9.)   
  Mat Object: (is_) 1 MPI process
    type: seqaij
  row 0:   (0, 2.)    (1, -1.)    (11, -1.)   
  row 1:   (0, -2.)    (1, 4.)    (2, -2.)   
  row 2:   (1, -3.)    (2, 6.)    (3, -3.)   
  row 3:   (2, -4.)    (3, 8.)    (4, -4.)   
  row 4:   (3, -5.)    (4, 10.)    (5, -5.)   
  row 5:   (4, -6.)    (5, 12.)    (6, -6.)   
  row 6:   (5, -7.)    (6, 14.)    (7, -7.)   
  row 7:   (6, -8.)    (7, 16.)    (8, -8.)   
  row 8:   (7, -9.)    (8, 18.)    (9, -9.)   
  Mat Object: (is_) 1 MPI process
    type: seqaij
  row 0:   (0, 2.)    (1, -1.)    (11, -1.)   
  row 1:   (0, -2.)    (1, 4.)    (2, -2.)   
  row 2:   (1, -3.)    (2, 6.)    (3, -3.)   
  row 3:   (2, -4.)    (3, 8.)    (4, -4.)   
  row 4:   (3, -5.)    (4, 10.)    (5, -5.)   
  row 5:   (4, -6.)    (5, 12.)    (6, -6.)   
  row 6:   (5, -7.)    (6, 14.)    (7, -7.)   
  row 7:   (6, -8.)    (7, 16.)    (8, -8.)   
  row 8:   (7, -9.)    (8, 18.)    (9, -9.)   
Mat Object: 6 MPI processes
  type: mpiaij
  row 0:   (0, 12.)    (1, -6.)    (11, -6.)   
  row 1:   (0, -12.)    (1, 24.)    (2, -12.)   
  row 2:   (1, -18.)    (2, 36.)    (3, -18.)   
  row 3:   (2, -24.)    (3, 48.)    (4, -24.)   
  row 4:   (3, -30.)    (4, 60.)    (5, -30.)   
  row 5:   (4, -36.)    (5, 72.)    (6, -36.)   
  row 6:   (5, -42.)    (6, 84.)    (7, -42.)   
  row 7:   (6, -48.)    (7, 96.)    (8, -48.)   
  row 8:   (7, -54.)    (8, 108.)    (9, -54.)   
Test CheckMat
Test MatView on binary world
Test MatView on binary self
Test MatView on binary subcomm
Test MatLoad from world
Mat Object: 6 MPI processes
  type: is
  rows=9, cols=12
  total: nonzeros=162, allocated nonzeros=162
  total number of mallocs used during MatSetValues calls=0
    Mat Object: 1 MPI process
      type: seqaij
      rows=9, cols=12
      total: nonzeros=27, allocated nonzeros=27
      total number of mallocs used during MatSetValues calls=0
        not using I-node routines
    Mat Object: 1 MPI process
      type: seqaij
      rows=9, cols=12
      total: nonzeros=27, allocated nonzeros=27
      total number of mallocs used during MatSetValues calls=0
        not using I-node routines
    Mat Object: 1 MPI process
      type: seqaij
      rows=9, cols=12
      total: nonzeros=27, allocated nonzeros=27
      total number of mallocs used during MatSetValues calls=0
        not using I-node routines
    Mat Object: 1 MPI process
      type: seqaij
      rows=9, cols=12
      total: nonzeros=27, allocated nonzeros=27
      total number of mallocs used during MatSetValues calls=0
        not using I-node routines
    Mat Object: 1 MPI process
      type: seqaij
      rows=9, cols=12
      total: nonzeros=27, allocated nonzeros=27
      total number of mallocs used during MatSetValues calls=0
        not using I-node routines
    Mat Object: 1 MPI process
      type: seqaij
      rows=9, cols=12
      total: nonzeros=27, allocated nonzeros=27
      total number of mallocs used during MatSetValues calls=0
        not using I-node routines
    ISLocalToGlobalMapping Object: 6 MPI processes
      type not yet set
    [0] 0 0
    [0] 1 1
    [0] 2 2
    [0] 3 3
    [0] 4 4
    [0] 5 5
    [0] 6 6
    [0] 7 7
    [0] 8 8
    [1] 0 0
    [1] 1 1
    [1] 2 2
    [1] 3 3
    [1] 4 4
    [1] 5 5
    [1] 6 6
    [1] 7 7
    [1] 8 8
    [2] 0 0
    [2] 1 1
    [2] 2 2
    [2] 3 3
    [2] 4 4
    [2] 5 5
    [2] 6 6
    [2] 7 7
    [2] 8 8
    [3] 0 0
    [3] 1 1
    [3] 2 2
    [3] 3 3
    [3] 4 4
    [3] 5 5
    [3] 6 6
    [3] 7 7
    [3] 8 8
    [4] 0 0
    [4] 1 1
    [4] 2 2
    [4] 3 3
    [4] 4 4
    [4] 5 5
    [4] 6 6
    [4] 7 7
    [4] 8 8
    [5] 0 0
    [5] 1 1
    [5] 2 2
    [5] 3 3
    [5] 4 4
    [5] 5 5
    [5] 6 6
    [5] 7 7
    [5] 8 8
    ISLocalToGlobalMapping Object: 6 MPI processes
      type not yet set
    [0] 0 0
    [0] 1 1
    [0] 2 2
    [0] 3 3
    [0] 4 4
    [0] 5 5
    [0] 6 6
    [0] 7 7
    [0] 8 8
    [0] 9 9
    [0] 10 10
    [0] 11 11
    [1] 0 0
    [1] 1 1
    [1] 2 2
    [1] 3 3
    [1] 4 4
    [1] 5 5
    [1] 6 6
    [1] 7 7
    [1] 8 8
    [1] 9 9
    [1] 10 10
    [1] 11 11
    [2] 0 0
    [2] 1 1
    [2] 2 2
    [2] 3 3
    [2] 4 4
    [2] 5 5
    [2] 6 6
    [2] 7 7
    [2] 8 8
    [2] 9 9
    [2] 10 10
    [2] 11 11
    [3] 0 0
    [3] 1 1
    [3] 2 2
    [3] 3 3
    [3] 4 4
    [3] 5 5
    [3] 6 6
    [3] 7 7
    [3] 8 8
    [3] 9 9
    [3] 10 10
    [3] 11 11
    [4] 0 0
    [4] 1 1
    [4] 2 2
    [4] 3 3
    [4] 4 4
    [4] 5 5
    [4] 6 6
    [4] 7 7
    [4] 8 8
    [4] 9 9
    [4] 10 10
    [4] 11 11
    [5] 0 0
    [5] 1 1
    [5] 2 2
    [5] 3 3
    [5] 4 4
    [5] 5 5
    [5] 6 6
    [5] 7 7
    [5] 8 8
    [5] 9 9
    [5] 10 10
    [5] 11 11
Test MatLoad from self
Mat Object: 6 MPI processes
  type: is
  rows=9, cols=12
  total: nonzeros=27, allocated nonzeros=27
  total number of mallocs used during MatSetValues calls=0
    Mat Object: 1 MPI process
      type: seqaij
      rows=9, cols=12
      total: nonzeros=27, allocated nonzeros=27
      total number of mallocs used during MatSetValues calls=0
        not using I-node routines
    Mat Object: 1 MPI process
      type: seqaij
      rows=0, cols=0
      total: nonzeros=0, allocated nonzeros=0
      total number of mallocs used during MatSetValues calls=0
        not using I-node routines
    Mat Object: 1 MPI process
      type: seqaij
      rows=0, cols=0
      total: nonzeros=0, allocated nonzeros=0
      total number of mallocs used during MatSetValues calls=0
        not using I-node routines
    Mat Object: 1 MPI process
      type: seqaij
      rows=0, cols=0
      total: nonzeros=0, allocated nonzeros=0
      total number of mallocs used during MatSetValues calls=0
        not using I-node routines
    Mat Object: 1 MPI process
      type: seqaij
      rows=0, cols=0
      total: nonzeros=0, allocated nonzeros=0
      total number of mallocs used during MatSetValues calls=0
        not using I-node routines
    Mat Object: 1 MPI process
      type: seqaij
      rows=0, cols=0
      total: nonzeros=0, allocated nonzeros=0
      total number of mallocs used during MatSetValues calls=0
        not using I-node routines
    ISLocalToGlobalMapping Object: 6 MPI processes
      type not yet set
    [0] 0 0
    [0] 1 1
    [0] 2 2
    [0] 3 3
    [0] 4 4
    [0] 5 5
    [0] 6 6
    [0] 7 7
    [0] 8 8
    ISLocalToGlobalMapping Object: 6 MPI processes
      type not yet set
    [0] 0 0
    [0] 1 1
    [0] 2 2
    [0] 3 3
    [0] 4 4
    [0] 5 5
    [0] 6 6
    [0] 7 7
    [0] 8 8
    [0] 9 9
    [0] 10 10
    [0] 11 11
Test MatLoad from subcomm
Mat Object: 6 MPI processes
  type: is
  rows=9, cols=12
  total: nonzeros=81, allocated nonzeros=81
  total number of mallocs used during MatSetValues calls=0
    Mat Object: 1 MPI process
      type: seqaij
      rows=9, cols=12
      total: nonzeros=27, allocated nonzeros=27
      total number of mallocs used during MatSetValues calls=0
        not using I-node routines
    Mat Object: 1 MPI process
      type: seqaij
      rows=9, cols=12
      total: nonzeros=27, allocated nonzeros=27
      total number of mallocs used during MatSetValues calls=0
        not using I-node routines
    Mat Object: 1 MPI process
      type: seqaij
      rows=9, cols=12
      total: nonzeros=27, allocated nonzeros=27
      total number of mallocs used during MatSetValues calls=0
        not using I-node routines
    Mat Object: 1 MPI process
      type: seqaij
      rows=0, cols=0
      total: nonzeros=0, allocated nonzeros=0
      total number of mallocs used during MatSetValues calls=0
        not using I-node routines
    Mat Object: 1 MPI process
      type: seqaij
      rows=0, cols=0
      total: nonzeros=0, allocated nonzeros=0
      total number of mallocs used during MatSetValues calls=0
        not using I-node routines
    Mat Object: 1 MPI process
      type: seqaij
      rows=0, cols=0
      total: nonzeros=0, allocated nonzeros=0
      total number of mallocs used during MatSetValues calls=0
        not using I-node routines
    ISLocalToGlobalMapping Object: 6 MPI processes
      type not yet set
    [0] 0 0
    [0] 1 1
    [0] 2 2
    [0] 3 3
    [0] 4 4
    [0] 5 5
    [0] 6 6
    [0] 7 7
    [0] 8 8
    [1] 0 0
    [1] 1 1
    [1] 2 2
    [1] 3 3
    [1] 4 4
    [1] 5 5
    [1] 6 6
    [1] 7 7
    [1] 8 8
    [2] 0 0
    [2] 1 1
    [2] 2 2
    [2] 3 3
    [2] 4 4
    [2] 5 5
    [2] 6 6
    [2] 7 7
    [2] 8 8
    ISLocalToGlobalMapping Object: 6 MPI processes
      type not yet set
    [0] 0 0
    [0] 1 1
    [0] 2 2
    [0] 3 3
    [0] 4 4
    [0] 5 5
    [0] 6 6
    [0] 7 7
    [0] 8 8
    [0] 9 9
    [0] 10 10
    [0] 11 11
    [1] 0 0
    [1] 1 1
    [1] 2 2
    [1] 3 3
    [1] 4 4
    [1] 5 5
    [1] 6 6
    [1] 7 7
    [1] 8 8
    [1] 9 9
    [1] 10 10
    [1] 11 11
    [2] 0 0
    [2] 1 1
    [2] 2 2
    [2] 3 3
    [2] 4 4
    [2] 5 5
    [2] 6 6
    [2] 7 7
    [2] 8 8
    [2] 9 9
    [2] 10 10
    [2] 11 11
Test subcomm MatLoad from world
Mat Object: 3 MPI processes
  type: is
  rows=9, cols=12
  total: nonzeros=162, allocated nonzeros=162
  total number of mallocs used during MatSetValues calls=0
    Mat Object: 1 MPI process
      type: seqaij
      rows=18, cols=24
      total: nonzeros=54, allocated nonzeros=54
      total number of mallocs used during MatSetValues calls=0
        not using I-node routines
    Mat Object: 1 MPI process
      type: seqaij
      rows=18, cols=24
      total: nonzeros=54, allocated nonzeros=54
      total number of mallocs used during MatSetValues calls=0
        not using I-node routines
    Mat Object: 1 MPI process
      type: seqaij
      rows=18, cols=24
      total: nonzeros=54, allocated nonzeros=54
      total number of mallocs used during MatSetValues calls=0
        not using I-node routines
    ISLocalToGlobalMapping Object: 3 MPI processes
      type not yet set
    [0] 0 0
    [0] 1 1
    [0] 2 2
    [0] 3 3
    [0] 4 4
    [0] 5 5
    [0] 6 6
    [0] 7 7
    [0] 8 8
    [0] 9 0
    [0] 10 1
    [0] 11 2
    [0] 12 3
    [0] 13 4
    [0] 14 5
    [0] 15 6
    [0] 16 7
    [0] 17 8
    [1] 0 0
    [1] 1 1
    [1] 2 2
    [1] 3 3
    [1] 4 4
    [1] 5 5
    [1] 6 6
    [1] 7 7
    [1] 8 8
    [1] 9 0
    [1] 10 1
    [1] 11 2
    [1] 12 3
    [1] 13 4
    [1] 14 5
    [1] 15 6
    [1] 16 7
    [1] 17 8
    [2] 0 0
    [2] 1 1
    [2] 2 2
    [2] 3 3
    [2] 4 4
    [2] 5 5
    [2] 6 6
    [2] 7 7
    [2] 8 8
    [2] 9 0
    [2] 10 1
    [2] 11 2
    [2] 12 3
    [2] 13 4
    [2] 14 5
    [2] 15 6
    [2] 16 7
    [2] 17 8
    ISLocalToGlobalMapping Object: 3 MPI processes
      type not yet set
    [0] 0 0
    [0] 1 1
    [0] 2 2
    [0] 3 3
    [0] 4 4
    [0] 5 5
    [0] 6 6
    [0] 7 7
    [0] 8 8
    [0] 9 9
    [0] 10 10
    [0] 11 11
    [0] 12 0
    [0] 13 1
    [0] 14 2
    [0] 15 3
    [0] 16 4
    [0] 17 5
    [0] 18 6
    [0] 19 7
    [0] 20 8
    [0] 21 9
    [0] 22 10
    [0] 23 11
    [1] 0 0
    [1] 1 1
    [1] 2 2
    [1] 3 3
    [1] 4 4
    [1] 5 5
    [1] 6 6
    [1] 7 7
    [1] 8 8
    [1] 9 9
    [1] 10 10
    [1] 11 11
    [1] 12 0
    [1] 13 1
    [1] 14 2
    [1] 15 3
    [1] 16 4
    [1] 17 5
    [1] 18 6
    [1] 19 7
    [1] 20 8
    [1] 21 9
    [1] 22 10
    [1] 23 11
    [2] 0 0
    [2] 1 1
    [2] 2 2
    [2] 3 3
    [2] 4 4
    [2] 5 5
    [2] 6 6
    [2] 7 7
    [2] 8 8
    [2] 9 9
    [2] 10 10
    [2] 11 11
    [2] 12 0
    [2] 13 1
    [2] 14 2
    [2] 15 3
    [2] 16 4
    [2] 17 5
    [2] 18 6
    [2] 19 7
    [2] 20 8
    [2] 21 9
    [2] 22 10
    [2] 23 11
Test MatDuplicate and MatAXPY
Test MatConvert_IS_XAIJ
Test MatConvert_XAIJ_IS
Test MatDiagonalScale
Test MatGetLocalSubMatrix
Test MatConvert_Nest_IS
Test MatCreateSubMatrix
Test MatCreateSubMatrices
IS Object: 6 MPI processes
  type: stride
[0] Number of indices in (stride) set 3
[0] 0 5
[0] 1 6
[0] 2 7
[1] Number of indices in (stride) set 0
[2] Number of indices in (stride) set 0
[3] Number of indices in (stride) set 0
[4] Number of indices in (stride) set 0
[5] Number of indices in (stride) set 0
Test MatZeroRows (diag zero)
Test MatMissingDiagonal
[0] [0,2) Missing 0, row -1 (diag zero)
[1] [2,4) Missing 0, row -1 (diag zero)
[2] [4,6) Missing 1, row 5 (diag zero)
[3] [6,7) Missing 1, row 6 (diag zero)
[4] [7,8) Missing 1, row 7 (diag zero)
[5] [8,9) Missing 0, row -1 (diag zero)
Test MatTranspose
Test MatISFixLocalEmpty
Test MatGetDiagonalBlock
Test MatISSetAllowRepeated(false) with possibly repeated entries
