Test MatGetInfo
Process   0: 15 30 15 1 0
Process   1: 15 30 15 1 0
Process   2: 15 30 15 1 0
GlobalMax  : 15 30 15 1 0
GlobalSum  : 45 90 45 1 0
Test MatIsSymmetric: 0
Test MatView
Mat Object: 3 MPI processes
  type: is
  Mat Object: (is_) 1 MPI process
    type: seqaij
  row 0:   (5, -1.)    (8, -1.)    (9, 2.)   
  row 1:   (7, -2.)    (8, 4.)    (9, -2.)   
  row 2:   (6, -3.)    (7, 6.)    (8, -3.)   
  row 3:   (5, -4.)    (6, 8.)    (7, -4.)   
  row 4:   (5, 10.)    (6, -5.)    (9, -5.)   
  Mat Object: (is_) 1 MPI process
    type: seqaij
  row 0:   (5, -1.)    (8, -1.)    (9, 2.)   
  row 1:   (7, -2.)    (8, 4.)    (9, -2.)   
  row 2:   (6, -3.)    (7, 6.)    (8, -3.)   
  row 3:   (5, -4.)    (6, 8.)    (7, -4.)   
  row 4:   (5, 10.)    (6, -5.)    (9, -5.)   
  Mat Object: (is_) 1 MPI process
    type: seqaij
  row 0:   (5, -1.)    (8, -1.)    (9, 2.)   
  row 1:   (7, -2.)    (8, 4.)    (9, -2.)   
  row 2:   (6, -3.)    (7, 6.)    (8, -3.)   
  row 3:   (5, -4.)    (6, 8.)    (7, -4.)   
  row 4:   (5, 10.)    (6, -5.)    (9, -5.)   
Mat Object: 3 MPI processes
  type: mpiaij
  row 0:   (0, -15.)    (3, -15.)    (4, 30.)   
  row 1:   (2, -12.)    (3, 24.)    (4, -12.)   
  row 2:   (1, -9.)    (2, 18.)    (3, -9.)   
  row 3:   (0, -6.)    (1, 12.)    (2, -6.)   
  row 4:   (0, 6.)    (1, -3.)    (4, -3.)   
Test CheckMat
Test MatView on binary world
Test MatView on binary self
Test MatView on binary subcomm
Test MatLoad from world
Mat Object: 3 MPI processes
  type: is
  rows=5, cols=5
  total: nonzeros=45, allocated nonzeros=45
  total number of mallocs used during MatSetValues calls=0
    Mat Object: 1 MPI process
      type: seqaij
      rows=5, cols=10
      total: nonzeros=15, allocated nonzeros=15
      total number of mallocs used during MatSetValues calls=0
        not using I-node routines
    Mat Object: 1 MPI process
      type: seqaij
      rows=5, cols=10
      total: nonzeros=15, allocated nonzeros=15
      total number of mallocs used during MatSetValues calls=0
        not using I-node routines
    Mat Object: 1 MPI process
      type: seqaij
      rows=5, cols=10
      total: nonzeros=15, allocated nonzeros=15
      total number of mallocs used during MatSetValues calls=0
        not using I-node routines
    ISLocalToGlobalMapping Object: 3 MPI processes
      type not yet set
    [0] 0 4
    [0] 1 3
    [0] 2 2
    [0] 3 1
    [0] 4 0
    [1] 0 4
    [1] 1 3
    [1] 2 2
    [1] 3 1
    [1] 4 0
    [2] 0 4
    [2] 1 3
    [2] 2 2
    [2] 3 1
    [2] 4 0
    ISLocalToGlobalMapping Object: 3 MPI processes
      type not yet set
    [0] 0 0
    [0] 1 1
    [0] 2 2
    [0] 3 3
    [0] 4 4
    [0] 5 4
    [0] 6 3
    [0] 7 2
    [0] 8 1
    [0] 9 0
    [1] 0 0
    [1] 1 1
    [1] 2 2
    [1] 3 3
    [1] 4 4
    [1] 5 4
    [1] 6 3
    [1] 7 2
    [1] 8 1
    [1] 9 0
    [2] 0 0
    [2] 1 1
    [2] 2 2
    [2] 3 3
    [2] 4 4
    [2] 5 4
    [2] 6 3
    [2] 7 2
    [2] 8 1
    [2] 9 0
Test MatLoad from self
Mat Object: 3 MPI processes
  type: is
  rows=5, cols=5
  total: nonzeros=15, allocated nonzeros=15
  total number of mallocs used during MatSetValues calls=0
    Mat Object: 1 MPI process
      type: seqaij
      rows=5, cols=10
      total: nonzeros=15, allocated nonzeros=15
      total number of mallocs used during MatSetValues calls=0
        not using I-node routines
    Mat Object: 1 MPI process
      type: seqaij
      rows=0, cols=0
      total: nonzeros=0, allocated nonzeros=0
      total number of mallocs used during MatSetValues calls=0
        not using I-node routines
    Mat Object: 1 MPI process
      type: seqaij
      rows=0, cols=0
      total: nonzeros=0, allocated nonzeros=0
      total number of mallocs used during MatSetValues calls=0
        not using I-node routines
    ISLocalToGlobalMapping Object: 3 MPI processes
      type not yet set
    [0] 0 4
    [0] 1 3
    [0] 2 2
    [0] 3 1
    [0] 4 0
    ISLocalToGlobalMapping Object: 3 MPI processes
      type not yet set
    [0] 0 0
    [0] 1 1
    [0] 2 2
    [0] 3 3
    [0] 4 4
    [0] 5 4
    [0] 6 3
    [0] 7 2
    [0] 8 1
    [0] 9 0
Test MatLoad from subcomm
Mat Object: 3 MPI processes
  type: is
  rows=5, cols=5
  total: nonzeros=30, allocated nonzeros=30
  total number of mallocs used during MatSetValues calls=0
    Mat Object: 1 MPI process
      type: seqaij
      rows=5, cols=10
      total: nonzeros=15, allocated nonzeros=15
      total number of mallocs used during MatSetValues calls=0
        not using I-node routines
    Mat Object: 1 MPI process
      type: seqaij
      rows=5, cols=10
      total: nonzeros=15, allocated nonzeros=15
      total number of mallocs used during MatSetValues calls=0
        not using I-node routines
    Mat Object: 1 MPI process
      type: seqaij
      rows=0, cols=0
      total: nonzeros=0, allocated nonzeros=0
      total number of mallocs used during MatSetValues calls=0
        not using I-node routines
    ISLocalToGlobalMapping Object: 3 MPI processes
      type not yet set
    [0] 0 4
    [0] 1 3
    [0] 2 2
    [0] 3 1
    [0] 4 0
    [1] 0 4
    [1] 1 3
    [1] 2 2
    [1] 3 1
    [1] 4 0
    ISLocalToGlobalMapping Object: 3 MPI processes
      type not yet set
    [0] 0 0
    [0] 1 1
    [0] 2 2
    [0] 3 3
    [0] 4 4
    [0] 5 4
    [0] 6 3
    [0] 7 2
    [0] 8 1
    [0] 9 0
    [1] 0 0
    [1] 1 1
    [1] 2 2
    [1] 3 3
    [1] 4 4
    [1] 5 4
    [1] 6 3
    [1] 7 2
    [1] 8 1
    [1] 9 0
Test subcomm MatLoad from world
Mat Object: 2 MPI processes
  type: is
  rows=5, cols=5
  total: nonzeros=45, allocated nonzeros=45
  total number of mallocs used during MatSetValues calls=0
    Mat Object: 1 MPI process
      type: seqaij
      rows=10, cols=20
      total: nonzeros=30, allocated nonzeros=30
      total number of mallocs used during MatSetValues calls=0
        not using I-node routines
    Mat Object: 1 MPI process
      type: seqaij
      rows=5, cols=10
      total: nonzeros=15, allocated nonzeros=15
      total number of mallocs used during MatSetValues calls=0
        not using I-node routines
    ISLocalToGlobalMapping Object: 2 MPI processes
      type not yet set
    [0] 0 4
    [0] 1 3
    [0] 2 2
    [0] 3 1
    [0] 4 0
    [0] 5 4
    [0] 6 3
    [0] 7 2
    [0] 8 1
    [0] 9 0
    [1] 0 4
    [1] 1 3
    [1] 2 2
    [1] 3 1
    [1] 4 0
    ISLocalToGlobalMapping Object: 2 MPI processes
      type not yet set
    [0] 0 0
    [0] 1 1
    [0] 2 2
    [0] 3 3
    [0] 4 4
    [0] 5 4
    [0] 6 3
    [0] 7 2
    [0] 8 1
    [0] 9 0
    [0] 10 0
    [0] 11 1
    [0] 12 2
    [0] 13 3
    [0] 14 4
    [0] 15 4
    [0] 16 3
    [0] 17 2
    [0] 18 1
    [0] 19 0
    [1] 0 0
    [1] 1 1
    [1] 2 2
    [1] 3 3
    [1] 4 4
    [1] 5 4
    [1] 6 3
    [1] 7 2
    [1] 8 1
    [1] 9 0
Test MatDuplicate and MatAXPY
Test MatConvert_IS_XAIJ
Test MatConvert_XAIJ_IS
Test MatDiagonalScale
Test MatPtAP
Test MatGetLocalSubMatrix
Test MatConvert_Nest_IS
Test MatCreateSubMatrix
Test MatCreateSubMatrices
IS Object: 3 MPI processes
  type: stride
[0] Number of indices in (stride) set 1
[0] 0 3
[1] Number of indices in (stride) set 0
[2] Number of indices in (stride) set 0
Test MatZeroRows (diag zero)
Test MatMissingDiagonal
[0] [0,2) Missing 1, row 0 (diag zero)
[1] [2,4) Missing 1, row 2 (diag zero)
[2] [4,5) Missing 1, row 4 (diag zero)
Test MatTranspose
Test MatISFixLocalEmpty
Test MatInvertBlockDiagonal blockdiag 5 0 0 1
Test MatInvertBlockDiagonal blockdiag 5 0 0 2
Test MatInvertBlockDiagonal blockdiag 5 0 0 3
Test MatInvertBlockDiagonal blockdiag 5 0 1 1
Test MatInvertBlockDiagonal blockdiag 5 0 1 2
Test MatInvertBlockDiagonal blockdiag 5 0 1 3
Test MatInvertBlockDiagonal blockdiag 5 0 2 1
Test MatInvertBlockDiagonal blockdiag 5 0 2 2
Test MatInvertBlockDiagonal blockdiag 5 0 2 3
Test MatInvertBlockDiagonal blockdiag 5 1 0 1
Test MatInvertBlockDiagonal blockdiag 5 1 0 2
Test MatInvertBlockDiagonal blockdiag 5 1 0 3
Test MatInvertBlockDiagonal blockdiag 5 1 1 1
Test MatInvertBlockDiagonal blockdiag 5 1 1 2
Test MatInvertBlockDiagonal blockdiag 5 1 1 3
Test MatInvertBlockDiagonal blockdiag 5 1 2 1
Test MatInvertBlockDiagonal blockdiag 5 1 2 2
Test MatInvertBlockDiagonal blockdiag 5 1 2 3
Test MatInvertBlockDiagonal blockdiag 5 2 0 1
Test MatInvertBlockDiagonal blockdiag 5 2 0 2
Test MatInvertBlockDiagonal blockdiag 5 2 0 3
Test MatInvertBlockDiagonal blockdiag 5 2 1 1
Test MatInvertBlockDiagonal blockdiag 5 2 1 2
Test MatInvertBlockDiagonal blockdiag 5 2 1 3
Test MatInvertBlockDiagonal blockdiag 5 2 2 1
Test MatInvertBlockDiagonal blockdiag 5 2 2 2
Test MatInvertBlockDiagonal blockdiag 5 2 2 3
Test MatGetDiagonalBlock
Test MatISSetAllowRepeated(false) with possibly repeated entries
