Test MatGetInfo
Process   0: 33 66 33 1 0
Process   1: 33 66 33 1 0
Process   2: 33 66 33 1 0
Process   3: 33 66 33 1 0
Process   4: 33 66 33 1 0
GlobalMax  : 33 66 33 1 0
GlobalSum  : 165 330 165 1 0
Test MatIsSymmetric: 0
Test MatView
Mat Object: 5 MPI processes
  type: is
  Mat Object: (is_) 1 MPI process
    type: seqaij
  row 0:   (0, 2.)    (1, -1.)    (9, -1.)   
  row 1:   (0, -2.)    (1, 4.)    (2, -2.)   
  row 2:   (1, -3.)    (2, 6.)    (3, -3.)   
  row 3:   (2, -4.)    (3, 8.)    (4, -4.)   
  row 4:   (3, -5.)    (4, 10.)    (5, -5.)   
  row 5:   (4, -6.)    (5, 12.)    (6, -6.)   
  row 6:   (5, -7.)    (6, 14.)    (7, -7.)   
  row 7:   (6, -8.)    (7, 16.)    (8, -8.)   
  row 8:   (7, -9.)    (8, 18.)    (9, -9.)   
  row 9:   (0, -10.)    (8, -10.)    (9, 20.)   
  row 10:   (0, 22.)    (1, -11.)    (9, -11.)   
  Mat Object: (is_) 1 MPI process
    type: seqaij
  row 0:   (0, 2.)    (1, -1.)    (9, -1.)   
  row 1:   (0, -2.)    (1, 4.)    (2, -2.)   
  row 2:   (1, -3.)    (2, 6.)    (3, -3.)   
  row 3:   (2, -4.)    (3, 8.)    (4, -4.)   
  row 4:   (3, -5.)    (4, 10.)    (5, -5.)   
  row 5:   (4, -6.)    (5, 12.)    (6, -6.)   
  row 6:   (5, -7.)    (6, 14.)    (7, -7.)   
  row 7:   (6, -8.)    (7, 16.)    (8, -8.)   
  row 8:   (7, -9.)    (8, 18.)    (9, -9.)   
  row 9:   (0, -10.)    (8, -10.)    (9, 20.)   
  row 10:   (0, 22.)    (1, -11.)    (9, -11.)   
  Mat Object: (is_) 1 MPI process
    type: seqaij
  row 0:   (0, 2.)    (1, -1.)    (9, -1.)   
  row 1:   (0, -2.)    (1, 4.)    (2, -2.)   
  row 2:   (1, -3.)    (2, 6.)    (3, -3.)   
  row 3:   (2, -4.)    (3, 8.)    (4, -4.)   
  row 4:   (3, -5.)    (4, 10.)    (5, -5.)   
  row 5:   (4, -6.)    (5, 12.)    (6, -6.)   
  row 6:   (5, -7.)    (6, 14.)    (7, -7.)   
  row 7:   (6, -8.)    (7, 16.)    (8, -8.)   
  row 8:   (7, -9.)    (8, 18.)    (9, -9.)   
  row 9:   (0, -10.)    (8, -10.)    (9, 20.)   
  row 10:   (0, 22.)    (1, -11.)    (9, -11.)   
  Mat Object: (is_) 1 MPI process
    type: seqaij
  row 0:   (0, 2.)    (1, -1.)    (9, -1.)   
  row 1:   (0, -2.)    (1, 4.)    (2, -2.)   
  row 2:   (1, -3.)    (2, 6.)    (3, -3.)   
  row 3:   (2, -4.)    (3, 8.)    (4, -4.)   
  row 4:   (3, -5.)    (4, 10.)    (5, -5.)   
  row 5:   (4, -6.)    (5, 12.)    (6, -6.)   
  row 6:   (5, -7.)    (6, 14.)    (7, -7.)   
  row 7:   (6, -8.)    (7, 16.)    (8, -8.)   
  row 8:   (7, -9.)    (8, 18.)    (9, -9.)   
  row 9:   (0, -10.)    (8, -10.)    (9, 20.)   
  row 10:   (0, 22.)    (1, -11.)    (9, -11.)   
  Mat Object: (is_) 1 MPI process
    type: seqaij
  row 0:   (0, 2.)    (1, -1.)    (9, -1.)   
  row 1:   (0, -2.)    (1, 4.)    (2, -2.)   
  row 2:   (1, -3.)    (2, 6.)    (3, -3.)   
  row 3:   (2, -4.)    (3, 8.)    (4, -4.)   
  row 4:   (3, -5.)    (4, 10.)    (5, -5.)   
  row 5:   (4, -6.)    (5, 12.)    (6, -6.)   
  row 6:   (5, -7.)    (6, 14.)    (7, -7.)   
  row 7:   (6, -8.)    (7, 16.)    (8, -8.)   
  row 8:   (7, -9.)    (8, 18.)    (9, -9.)   
  row 9:   (0, -10.)    (8, -10.)    (9, 20.)   
  row 10:   (0, 22.)    (1, -11.)    (9, -11.)   
Mat Object: 5 MPI processes
  type: mpiaij
  row 0:   (0, 10.)    (1, -5.)    (9, -5.)   
  row 1:   (0, -10.)    (1, 20.)    (2, -10.)   
  row 2:   (1, -15.)    (2, 30.)    (3, -15.)   
  row 3:   (2, -20.)    (3, 40.)    (4, -20.)   
  row 4:   (3, -25.)    (4, 50.)    (5, -25.)   
  row 5:   (4, -30.)    (5, 60.)    (6, -30.)   
  row 6:   (5, -35.)    (6, 70.)    (7, -35.)   
  row 7:   (6, -40.)    (7, 80.)    (8, -40.)   
  row 8:   (7, -45.)    (8, 90.)    (9, -45.)   
  row 9:   (0, -50.)    (8, -50.)    (9, 100.)   
  row 10:   (0, 110.)    (1, -55.)    (9, -55.)   
Test CheckMat
Test MatView on binary world
Test MatView on binary self
Test MatView on binary subcomm
Test MatLoad from world
Mat Object: 5 MPI processes
  type: is
  rows=11, cols=10
  total: nonzeros=165, allocated nonzeros=165
  total number of mallocs used during MatSetValues calls=0
    Mat Object: 1 MPI process
      type: seqaij
      rows=11, cols=10
      total: nonzeros=33, allocated nonzeros=33
      total number of mallocs used during MatSetValues calls=0
        not using I-node routines
    Mat Object: 1 MPI process
      type: seqaij
      rows=11, cols=10
      total: nonzeros=33, allocated nonzeros=33
      total number of mallocs used during MatSetValues calls=0
        not using I-node routines
    Mat Object: 1 MPI process
      type: seqaij
      rows=11, cols=10
      total: nonzeros=33, allocated nonzeros=33
      total number of mallocs used during MatSetValues calls=0
        not using I-node routines
    Mat Object: 1 MPI process
      type: seqaij
      rows=11, cols=10
      total: nonzeros=33, allocated nonzeros=33
      total number of mallocs used during MatSetValues calls=0
        not using I-node routines
    Mat Object: 1 MPI process
      type: seqaij
      rows=11, cols=10
      total: nonzeros=33, allocated nonzeros=33
      total number of mallocs used during MatSetValues calls=0
        not using I-node routines
    ISLocalToGlobalMapping Object: 5 MPI processes
      type not yet set
    [0] 0 0
    [0] 1 1
    [0] 2 2
    [0] 3 3
    [0] 4 4
    [0] 5 5
    [0] 6 6
    [0] 7 7
    [0] 8 8
    [0] 9 9
    [0] 10 10
    [1] 0 0
    [1] 1 1
    [1] 2 2
    [1] 3 3
    [1] 4 4
    [1] 5 5
    [1] 6 6
    [1] 7 7
    [1] 8 8
    [1] 9 9
    [1] 10 10
    [2] 0 0
    [2] 1 1
    [2] 2 2
    [2] 3 3
    [2] 4 4
    [2] 5 5
    [2] 6 6
    [2] 7 7
    [2] 8 8
    [2] 9 9
    [2] 10 10
    [3] 0 0
    [3] 1 1
    [3] 2 2
    [3] 3 3
    [3] 4 4
    [3] 5 5
    [3] 6 6
    [3] 7 7
    [3] 8 8
    [3] 9 9
    [3] 10 10
    [4] 0 0
    [4] 1 1
    [4] 2 2
    [4] 3 3
    [4] 4 4
    [4] 5 5
    [4] 6 6
    [4] 7 7
    [4] 8 8
    [4] 9 9
    [4] 10 10
    ISLocalToGlobalMapping Object: 5 MPI processes
      type not yet set
    [0] 0 0
    [0] 1 1
    [0] 2 2
    [0] 3 3
    [0] 4 4
    [0] 5 5
    [0] 6 6
    [0] 7 7
    [0] 8 8
    [0] 9 9
    [1] 0 0
    [1] 1 1
    [1] 2 2
    [1] 3 3
    [1] 4 4
    [1] 5 5
    [1] 6 6
    [1] 7 7
    [1] 8 8
    [1] 9 9
    [2] 0 0
    [2] 1 1
    [2] 2 2
    [2] 3 3
    [2] 4 4
    [2] 5 5
    [2] 6 6
    [2] 7 7
    [2] 8 8
    [2] 9 9
    [3] 0 0
    [3] 1 1
    [3] 2 2
    [3] 3 3
    [3] 4 4
    [3] 5 5
    [3] 6 6
    [3] 7 7
    [3] 8 8
    [3] 9 9
    [4] 0 0
    [4] 1 1
    [4] 2 2
    [4] 3 3
    [4] 4 4
    [4] 5 5
    [4] 6 6
    [4] 7 7
    [4] 8 8
    [4] 9 9
Test MatLoad from self
Mat Object: 5 MPI processes
  type: is
  rows=11, cols=10
  total: nonzeros=33, allocated nonzeros=33
  total number of mallocs used during MatSetValues calls=0
    Mat Object: 1 MPI process
      type: seqaij
      rows=11, cols=10, rbs=1, cbs=2
      total: nonzeros=33, allocated nonzeros=33
      total number of mallocs used during MatSetValues calls=0
        not using I-node routines
    Mat Object: 1 MPI process
      type: seqaij
      rows=0, cols=0, rbs=1, cbs=2
      total: nonzeros=0, allocated nonzeros=0
      total number of mallocs used during MatSetValues calls=0
        not using I-node routines
    Mat Object: 1 MPI process
      type: seqaij
      rows=0, cols=0, rbs=1, cbs=2
      total: nonzeros=0, allocated nonzeros=0
      total number of mallocs used during MatSetValues calls=0
        not using I-node routines
    Mat Object: 1 MPI process
      type: seqaij
      rows=0, cols=0, rbs=1, cbs=2
      total: nonzeros=0, allocated nonzeros=0
      total number of mallocs used during MatSetValues calls=0
        not using I-node routines
    Mat Object: 1 MPI process
      type: seqaij
      rows=0, cols=0, rbs=1, cbs=2
      total: nonzeros=0, allocated nonzeros=0
      total number of mallocs used during MatSetValues calls=0
        not using I-node routines
    ISLocalToGlobalMapping Object: 5 MPI processes
      type not yet set
    [0] 0 0
    [0] 1 1
    [0] 2 2
    [0] 3 3
    [0] 4 4
    [0] 5 5
    [0] 6 6
    [0] 7 7
    [0] 8 8
    [0] 9 9
    [0] 10 10
    ISLocalToGlobalMapping Object: 5 MPI processes
      type not yet set
    [0] 0 0
    [0] 1 1
    [0] 2 2
    [0] 3 3
    [0] 4 4
    [0] 5 5
    [0] 6 6
    [0] 7 7
    [0] 8 8
    [0] 9 9
Test MatLoad from subcomm
Mat Object: 5 MPI processes
  type: is
  rows=11, cols=10
  total: nonzeros=99, allocated nonzeros=99
  total number of mallocs used during MatSetValues calls=0
    Mat Object: 1 MPI process
      type: seqaij
      rows=11, cols=10
      total: nonzeros=33, allocated nonzeros=33
      total number of mallocs used during MatSetValues calls=0
        not using I-node routines
    Mat Object: 1 MPI process
      type: seqaij
      rows=11, cols=10
      total: nonzeros=33, allocated nonzeros=33
      total number of mallocs used during MatSetValues calls=0
        not using I-node routines
    Mat Object: 1 MPI process
      type: seqaij
      rows=11, cols=10
      total: nonzeros=33, allocated nonzeros=33
      total number of mallocs used during MatSetValues calls=0
        not using I-node routines
    Mat Object: 1 MPI process
      type: seqaij
      rows=0, cols=0
      total: nonzeros=0, allocated nonzeros=0
      total number of mallocs used during MatSetValues calls=0
        not using I-node routines
    Mat Object: 1 MPI process
      type: seqaij
      rows=0, cols=0
      total: nonzeros=0, allocated nonzeros=0
      total number of mallocs used during MatSetValues calls=0
        not using I-node routines
    ISLocalToGlobalMapping Object: 5 MPI processes
      type not yet set
    [0] 0 0
    [0] 1 1
    [0] 2 2
    [0] 3 3
    [0] 4 4
    [0] 5 5
    [0] 6 6
    [0] 7 7
    [0] 8 8
    [0] 9 9
    [0] 10 10
    [1] 0 0
    [1] 1 1
    [1] 2 2
    [1] 3 3
    [1] 4 4
    [1] 5 5
    [1] 6 6
    [1] 7 7
    [1] 8 8
    [1] 9 9
    [1] 10 10
    [2] 0 0
    [2] 1 1
    [2] 2 2
    [2] 3 3
    [2] 4 4
    [2] 5 5
    [2] 6 6
    [2] 7 7
    [2] 8 8
    [2] 9 9
    [2] 10 10
    ISLocalToGlobalMapping Object: 5 MPI processes
      type not yet set
    [0] 0 0
    [0] 1 1
    [0] 2 2
    [0] 3 3
    [0] 4 4
    [0] 5 5
    [0] 6 6
    [0] 7 7
    [0] 8 8
    [0] 9 9
    [1] 0 0
    [1] 1 1
    [1] 2 2
    [1] 3 3
    [1] 4 4
    [1] 5 5
    [1] 6 6
    [1] 7 7
    [1] 8 8
    [1] 9 9
    [2] 0 0
    [2] 1 1
    [2] 2 2
    [2] 3 3
    [2] 4 4
    [2] 5 5
    [2] 6 6
    [2] 7 7
    [2] 8 8
    [2] 9 9
Test subcomm MatLoad from world
Mat Object: 3 MPI processes
  type: is
  rows=11, cols=10
  total: nonzeros=165, allocated nonzeros=165
  total number of mallocs used during MatSetValues calls=0
    Mat Object: 1 MPI process
      type: seqaij
      rows=22, cols=20
      total: nonzeros=66, allocated nonzeros=66
      total number of mallocs used during MatSetValues calls=0
        not using I-node routines
    Mat Object: 1 MPI process
      type: seqaij
      rows=22, cols=20
      total: nonzeros=66, allocated nonzeros=66
      total number of mallocs used during MatSetValues calls=0
        not using I-node routines
    Mat Object: 1 MPI process
      type: seqaij
      rows=11, cols=10
      total: nonzeros=33, allocated nonzeros=33
      total number of mallocs used during MatSetValues calls=0
        not using I-node routines
    ISLocalToGlobalMapping Object: 3 MPI processes
      type not yet set
    [0] 0 0
    [0] 1 1
    [0] 2 2
    [0] 3 3
    [0] 4 4
    [0] 5 5
    [0] 6 6
    [0] 7 7
    [0] 8 8
    [0] 9 9
    [0] 10 10
    [0] 11 0
    [0] 12 1
    [0] 13 2
    [0] 14 3
    [0] 15 4
    [0] 16 5
    [0] 17 6
    [0] 18 7
    [0] 19 8
    [0] 20 9
    [0] 21 10
    [1] 0 0
    [1] 1 1
    [1] 2 2
    [1] 3 3
    [1] 4 4
    [1] 5 5
    [1] 6 6
    [1] 7 7
    [1] 8 8
    [1] 9 9
    [1] 10 10
    [1] 11 0
    [1] 12 1
    [1] 13 2
    [1] 14 3
    [1] 15 4
    [1] 16 5
    [1] 17 6
    [1] 18 7
    [1] 19 8
    [1] 20 9
    [1] 21 10
    [2] 0 0
    [2] 1 1
    [2] 2 2
    [2] 3 3
    [2] 4 4
    [2] 5 5
    [2] 6 6
    [2] 7 7
    [2] 8 8
    [2] 9 9
    [2] 10 10
    ISLocalToGlobalMapping Object: 3 MPI processes
      type not yet set
    [0] 0 0
    [0] 1 1
    [0] 2 2
    [0] 3 3
    [0] 4 4
    [0] 5 5
    [0] 6 6
    [0] 7 7
    [0] 8 8
    [0] 9 9
    [0] 10 0
    [0] 11 1
    [0] 12 2
    [0] 13 3
    [0] 14 4
    [0] 15 5
    [0] 16 6
    [0] 17 7
    [0] 18 8
    [0] 19 9
    [1] 0 0
    [1] 1 1
    [1] 2 2
    [1] 3 3
    [1] 4 4
    [1] 5 5
    [1] 6 6
    [1] 7 7
    [1] 8 8
    [1] 9 9
    [1] 10 0
    [1] 11 1
    [1] 12 2
    [1] 13 3
    [1] 14 4
    [1] 15 5
    [1] 16 6
    [1] 17 7
    [1] 18 8
    [1] 19 9
    [2] 0 0
    [2] 1 1
    [2] 2 2
    [2] 3 3
    [2] 4 4
    [2] 5 5
    [2] 6 6
    [2] 7 7
    [2] 8 8
    [2] 9 9
Test MatDuplicate and MatAXPY
Test MatConvert_IS_XAIJ
Test MatConvert_XAIJ_IS
Test MatDiagonalScale
Test MatGetLocalSubMatrix
Test MatConvert_Nest_IS
Test MatCreateSubMatrix
Test MatCreateSubMatrices
IS Object: 5 MPI processes
  type: stride
[0] Number of indices in (stride) set 4
[0] 0 6
[0] 1 7
[0] 2 8
[0] 3 9
[1] Number of indices in (stride) set 0
[2] Number of indices in (stride) set 0
[3] Number of indices in (stride) set 0
[4] Number of indices in (stride) set 0
Test MatZeroRows (diag zero)
Test MatMissingDiagonal
[0] [0,3) Missing 0, row -1 (diag zero)
[1] [3,5) Missing 0, row -1 (diag zero)
[2] [5,7) Missing 1, row 6 (diag zero)
[3] [7,9) Missing 1, row 7 (diag zero)
[4] [9,11) Missing 1, row 9 (diag zero)
Test MatTranspose
Test MatISFixLocalEmpty
Test MatGetDiagonalBlock
Test MatISSetAllowRepeated(false) with possibly repeated entries
