Test MatGetInfo
Process   0: 36 72 36 1 0
Process   1: 36 72 36 1 0
Process   2: 36 72 36 1 0
Process   3: 36 72 36 1 0
Process   4: 36 72 36 1 0
GlobalMax  : 36 72 36 1 0
GlobalSum  : 180 360 180 1 0
Test MatIsSymmetric: 0
Test MatView
Mat Object: 5 MPI processes
  type: is
  Mat Object: (is_) 1 MPI process
    type: seqaij
  row 0:   (0, 2.)    (1, -1.)    (11, -1.)   
  row 1:   (0, -2.)    (1, 4.)    (2, -2.)   
  row 2:   (1, -3.)    (2, 6.)    (3, -3.)   
  row 3:   (2, -4.)    (3, 8.)    (4, -4.)   
  row 4:   (3, -5.)    (4, 10.)    (5, -5.)   
  row 5:   (4, -6.)    (5, 12.)    (6, -6.)   
  row 6:   (5, -7.)    (6, 14.)    (7, -7.)   
  row 7:   (6, -8.)    (7, 16.)    (8, -8.)   
  row 8:   (7, -9.)    (8, 18.)    (9, -9.)   
  row 9:   (8, -10.)    (9, 20.)    (10, -10.)   
  row 10:   (9, -11.)    (10, 22.)    (11, -11.)   
  row 11:   (0, -12.)    (10, -12.)    (11, 24.)   
  Mat Object: (is_) 1 MPI process
    type: seqaij
  row 0:   (0, 2.)    (1, -1.)    (11, -1.)   
  row 1:   (0, -2.)    (1, 4.)    (2, -2.)   
  row 2:   (1, -3.)    (2, 6.)    (3, -3.)   
  row 3:   (2, -4.)    (3, 8.)    (4, -4.)   
  row 4:   (3, -5.)    (4, 10.)    (5, -5.)   
  row 5:   (4, -6.)    (5, 12.)    (6, -6.)   
  row 6:   (5, -7.)    (6, 14.)    (7, -7.)   
  row 7:   (6, -8.)    (7, 16.)    (8, -8.)   
  row 8:   (7, -9.)    (8, 18.)    (9, -9.)   
  row 9:   (8, -10.)    (9, 20.)    (10, -10.)   
  row 10:   (9, -11.)    (10, 22.)    (11, -11.)   
  row 11:   (0, -12.)    (10, -12.)    (11, 24.)   
  Mat Object: (is_) 1 MPI process
    type: seqaij
  row 0:   (0, 2.)    (1, -1.)    (11, -1.)   
  row 1:   (0, -2.)    (1, 4.)    (2, -2.)   
  row 2:   (1, -3.)    (2, 6.)    (3, -3.)   
  row 3:   (2, -4.)    (3, 8.)    (4, -4.)   
  row 4:   (3, -5.)    (4, 10.)    (5, -5.)   
  row 5:   (4, -6.)    (5, 12.)    (6, -6.)   
  row 6:   (5, -7.)    (6, 14.)    (7, -7.)   
  row 7:   (6, -8.)    (7, 16.)    (8, -8.)   
  row 8:   (7, -9.)    (8, 18.)    (9, -9.)   
  row 9:   (8, -10.)    (9, 20.)    (10, -10.)   
  row 10:   (9, -11.)    (10, 22.)    (11, -11.)   
  row 11:   (0, -12.)    (10, -12.)    (11, 24.)   
  Mat Object: (is_) 1 MPI process
    type: seqaij
  row 0:   (0, 2.)    (1, -1.)    (11, -1.)   
  row 1:   (0, -2.)    (1, 4.)    (2, -2.)   
  row 2:   (1, -3.)    (2, 6.)    (3, -3.)   
  row 3:   (2, -4.)    (3, 8.)    (4, -4.)   
  row 4:   (3, -5.)    (4, 10.)    (5, -5.)   
  row 5:   (4, -6.)    (5, 12.)    (6, -6.)   
  row 6:   (5, -7.)    (6, 14.)    (7, -7.)   
  row 7:   (6, -8.)    (7, 16.)    (8, -8.)   
  row 8:   (7, -9.)    (8, 18.)    (9, -9.)   
  row 9:   (8, -10.)    (9, 20.)    (10, -10.)   
  row 10:   (9, -11.)    (10, 22.)    (11, -11.)   
  row 11:   (0, -12.)    (10, -12.)    (11, 24.)   
  Mat Object: (is_) 1 MPI process
    type: seqaij
  row 0:   (0, 2.)    (1, -1.)    (11, -1.)   
  row 1:   (0, -2.)    (1, 4.)    (2, -2.)   
  row 2:   (1, -3.)    (2, 6.)    (3, -3.)   
  row 3:   (2, -4.)    (3, 8.)    (4, -4.)   
  row 4:   (3, -5.)    (4, 10.)    (5, -5.)   
  row 5:   (4, -6.)    (5, 12.)    (6, -6.)   
  row 6:   (5, -7.)    (6, 14.)    (7, -7.)   
  row 7:   (6, -8.)    (7, 16.)    (8, -8.)   
  row 8:   (7, -9.)    (8, 18.)    (9, -9.)   
  row 9:   (8, -10.)    (9, 20.)    (10, -10.)   
  row 10:   (9, -11.)    (10, 22.)    (11, -11.)   
  row 11:   (0, -12.)    (10, -12.)    (11, 24.)   
Mat Object: 5 MPI processes
  type: mpiaij
  row 0:   (0, -60.)    (10, -60.)    (11, 120.)   
  row 1:   (9, -55.)    (10, 110.)    (11, -55.)   
  row 2:   (8, -50.)    (9, 100.)    (10, -50.)   
  row 3:   (7, -45.)    (8, 90.)    (9, -45.)   
  row 4:   (6, -40.)    (7, 80.)    (8, -40.)   
  row 5:   (5, -35.)    (6, 70.)    (7, -35.)   
  row 6:   (4, -30.)    (5, 60.)    (6, -30.)   
  row 7:   (3, -25.)    (4, 50.)    (5, -25.)   
  row 8:   (2, -20.)    (3, 40.)    (4, -20.)   
  row 9:   (1, -15.)    (2, 30.)    (3, -15.)   
  row 10:   (0, -10.)    (1, 20.)    (2, -10.)   
  row 11:   (0, 10.)    (1, -5.)    (11, -5.)   
Test CheckMat
Test MatView on binary world
Test MatView on binary self
Test MatView on binary subcomm
Test MatLoad from world
Mat Object: 5 MPI processes
  type: is
  rows=12, cols=12
  total: nonzeros=180, allocated nonzeros=180
  total number of mallocs used during MatSetValues calls=0
    Mat Object: 1 MPI process
      type: seqaij
      rows=12, cols=12
      total: nonzeros=36, allocated nonzeros=36
      total number of mallocs used during MatSetValues calls=0
        not using I-node routines
    Mat Object: 1 MPI process
      type: seqaij
      rows=12, cols=12
      total: nonzeros=36, allocated nonzeros=36
      total number of mallocs used during MatSetValues calls=0
        not using I-node routines
    Mat Object: 1 MPI process
      type: seqaij
      rows=12, cols=12
      total: nonzeros=36, allocated nonzeros=36
      total number of mallocs used during MatSetValues calls=0
        not using I-node routines
    Mat Object: 1 MPI process
      type: seqaij
      rows=12, cols=12
      total: nonzeros=36, allocated nonzeros=36
      total number of mallocs used during MatSetValues calls=0
        not using I-node routines
    Mat Object: 1 MPI process
      type: seqaij
      rows=12, cols=12
      total: nonzeros=36, allocated nonzeros=36
      total number of mallocs used during MatSetValues calls=0
        not using I-node routines
    ISLocalToGlobalMapping Object: 5 MPI processes
      type not yet set
    [0] 0 11
    [0] 1 10
    [0] 2 9
    [0] 3 8
    [0] 4 7
    [0] 5 6
    [0] 6 5
    [0] 7 4
    [0] 8 3
    [0] 9 2
    [0] 10 1
    [0] 11 0
    [1] 0 11
    [1] 1 10
    [1] 2 9
    [1] 3 8
    [1] 4 7
    [1] 5 6
    [1] 6 5
    [1] 7 4
    [1] 8 3
    [1] 9 2
    [1] 10 1
    [1] 11 0
    [2] 0 11
    [2] 1 10
    [2] 2 9
    [2] 3 8
    [2] 4 7
    [2] 5 6
    [2] 6 5
    [2] 7 4
    [2] 8 3
    [2] 9 2
    [2] 10 1
    [2] 11 0
    [3] 0 11
    [3] 1 10
    [3] 2 9
    [3] 3 8
    [3] 4 7
    [3] 5 6
    [3] 6 5
    [3] 7 4
    [3] 8 3
    [3] 9 2
    [3] 10 1
    [3] 11 0
    [4] 0 11
    [4] 1 10
    [4] 2 9
    [4] 3 8
    [4] 4 7
    [4] 5 6
    [4] 6 5
    [4] 7 4
    [4] 8 3
    [4] 9 2
    [4] 10 1
    [4] 11 0
    ISLocalToGlobalMapping Object: 5 MPI processes
      type not yet set
    [0] 0 0
    [0] 1 1
    [0] 2 2
    [0] 3 3
    [0] 4 4
    [0] 5 5
    [0] 6 6
    [0] 7 7
    [0] 8 8
    [0] 9 9
    [0] 10 10
    [0] 11 11
    [1] 0 0
    [1] 1 1
    [1] 2 2
    [1] 3 3
    [1] 4 4
    [1] 5 5
    [1] 6 6
    [1] 7 7
    [1] 8 8
    [1] 9 9
    [1] 10 10
    [1] 11 11
    [2] 0 0
    [2] 1 1
    [2] 2 2
    [2] 3 3
    [2] 4 4
    [2] 5 5
    [2] 6 6
    [2] 7 7
    [2] 8 8
    [2] 9 9
    [2] 10 10
    [2] 11 11
    [3] 0 0
    [3] 1 1
    [3] 2 2
    [3] 3 3
    [3] 4 4
    [3] 5 5
    [3] 6 6
    [3] 7 7
    [3] 8 8
    [3] 9 9
    [3] 10 10
    [3] 11 11
    [4] 0 0
    [4] 1 1
    [4] 2 2
    [4] 3 3
    [4] 4 4
    [4] 5 5
    [4] 6 6
    [4] 7 7
    [4] 8 8
    [4] 9 9
    [4] 10 10
    [4] 11 11
Test MatLoad from self
Mat Object: 5 MPI processes
  type: is
  rows=12, cols=12
  total: nonzeros=36, allocated nonzeros=36
  total number of mallocs used during MatSetValues calls=0
    Mat Object: 1 MPI process
      type: seqaij
      rows=12, cols=12
      total: nonzeros=36, allocated nonzeros=36
      total number of mallocs used during MatSetValues calls=0
        not using I-node routines
    Mat Object: 1 MPI process
      type: seqaij
      rows=0, cols=0
      total: nonzeros=0, allocated nonzeros=0
      total number of mallocs used during MatSetValues calls=0
        not using I-node routines
    Mat Object: 1 MPI process
      type: seqaij
      rows=0, cols=0
      total: nonzeros=0, allocated nonzeros=0
      total number of mallocs used during MatSetValues calls=0
        not using I-node routines
    Mat Object: 1 MPI process
      type: seqaij
      rows=0, cols=0
      total: nonzeros=0, allocated nonzeros=0
      total number of mallocs used during MatSetValues calls=0
        not using I-node routines
    Mat Object: 1 MPI process
      type: seqaij
      rows=0, cols=0
      total: nonzeros=0, allocated nonzeros=0
      total number of mallocs used during MatSetValues calls=0
        not using I-node routines
    ISLocalToGlobalMapping Object: 5 MPI processes
      type not yet set
    [0] 0 11
    [0] 1 10
    [0] 2 9
    [0] 3 8
    [0] 4 7
    [0] 5 6
    [0] 6 5
    [0] 7 4
    [0] 8 3
    [0] 9 2
    [0] 10 1
    [0] 11 0
    ISLocalToGlobalMapping Object: 5 MPI processes
      type not yet set
    [0] 0 0
    [0] 1 1
    [0] 2 2
    [0] 3 3
    [0] 4 4
    [0] 5 5
    [0] 6 6
    [0] 7 7
    [0] 8 8
    [0] 9 9
    [0] 10 10
    [0] 11 11
Test MatLoad from subcomm
Mat Object: 5 MPI processes
  type: is
  rows=12, cols=12
  total: nonzeros=108, allocated nonzeros=108
  total number of mallocs used during MatSetValues calls=0
    Mat Object: 1 MPI process
      type: seqaij
      rows=12, cols=12
      total: nonzeros=36, allocated nonzeros=36
      total number of mallocs used during MatSetValues calls=0
        not using I-node routines
    Mat Object: 1 MPI process
      type: seqaij
      rows=12, cols=12
      total: nonzeros=36, allocated nonzeros=36
      total number of mallocs used during MatSetValues calls=0
        not using I-node routines
    Mat Object: 1 MPI process
      type: seqaij
      rows=12, cols=12
      total: nonzeros=36, allocated nonzeros=36
      total number of mallocs used during MatSetValues calls=0
        not using I-node routines
    Mat Object: 1 MPI process
      type: seqaij
      rows=0, cols=0
      total: nonzeros=0, allocated nonzeros=0
      total number of mallocs used during MatSetValues calls=0
        not using I-node routines
    Mat Object: 1 MPI process
      type: seqaij
      rows=0, cols=0
      total: nonzeros=0, allocated nonzeros=0
      total number of mallocs used during MatSetValues calls=0
        not using I-node routines
    ISLocalToGlobalMapping Object: 5 MPI processes
      type not yet set
    [0] 0 11
    [0] 1 10
    [0] 2 9
    [0] 3 8
    [0] 4 7
    [0] 5 6
    [0] 6 5
    [0] 7 4
    [0] 8 3
    [0] 9 2
    [0] 10 1
    [0] 11 0
    [1] 0 11
    [1] 1 10
    [1] 2 9
    [1] 3 8
    [1] 4 7
    [1] 5 6
    [1] 6 5
    [1] 7 4
    [1] 8 3
    [1] 9 2
    [1] 10 1
    [1] 11 0
    [2] 0 11
    [2] 1 10
    [2] 2 9
    [2] 3 8
    [2] 4 7
    [2] 5 6
    [2] 6 5
    [2] 7 4
    [2] 8 3
    [2] 9 2
    [2] 10 1
    [2] 11 0
    ISLocalToGlobalMapping Object: 5 MPI processes
      type not yet set
    [0] 0 0
    [0] 1 1
    [0] 2 2
    [0] 3 3
    [0] 4 4
    [0] 5 5
    [0] 6 6
    [0] 7 7
    [0] 8 8
    [0] 9 9
    [0] 10 10
    [0] 11 11
    [1] 0 0
    [1] 1 1
    [1] 2 2
    [1] 3 3
    [1] 4 4
    [1] 5 5
    [1] 6 6
    [1] 7 7
    [1] 8 8
    [1] 9 9
    [1] 10 10
    [1] 11 11
    [2] 0 0
    [2] 1 1
    [2] 2 2
    [2] 3 3
    [2] 4 4
    [2] 5 5
    [2] 6 6
    [2] 7 7
    [2] 8 8
    [2] 9 9
    [2] 10 10
    [2] 11 11
Test subcomm MatLoad from world
Mat Object: 3 MPI processes
  type: is
  rows=12, cols=12
  total: nonzeros=180, allocated nonzeros=180
  total number of mallocs used during MatSetValues calls=0
    Mat Object: 1 MPI process
      type: seqaij
      rows=24, cols=24
      total: nonzeros=72, allocated nonzeros=72
      total number of mallocs used during MatSetValues calls=0
        not using I-node routines
    Mat Object: 1 MPI process
      type: seqaij
      rows=24, cols=24
      total: nonzeros=72, allocated nonzeros=72
      total number of mallocs used during MatSetValues calls=0
        not using I-node routines
    Mat Object: 1 MPI process
      type: seqaij
      rows=12, cols=12
      total: nonzeros=36, allocated nonzeros=36
      total number of mallocs used during MatSetValues calls=0
        not using I-node routines
    ISLocalToGlobalMapping Object: 3 MPI processes
      type not yet set
    [0] 0 11
    [0] 1 10
    [0] 2 9
    [0] 3 8
    [0] 4 7
    [0] 5 6
    [0] 6 5
    [0] 7 4
    [0] 8 3
    [0] 9 2
    [0] 10 1
    [0] 11 0
    [0] 12 11
    [0] 13 10
    [0] 14 9
    [0] 15 8
    [0] 16 7
    [0] 17 6
    [0] 18 5
    [0] 19 4
    [0] 20 3
    [0] 21 2
    [0] 22 1
    [0] 23 0
    [1] 0 11
    [1] 1 10
    [1] 2 9
    [1] 3 8
    [1] 4 7
    [1] 5 6
    [1] 6 5
    [1] 7 4
    [1] 8 3
    [1] 9 2
    [1] 10 1
    [1] 11 0
    [1] 12 11
    [1] 13 10
    [1] 14 9
    [1] 15 8
    [1] 16 7
    [1] 17 6
    [1] 18 5
    [1] 19 4
    [1] 20 3
    [1] 21 2
    [1] 22 1
    [1] 23 0
    [2] 0 11
    [2] 1 10
    [2] 2 9
    [2] 3 8
    [2] 4 7
    [2] 5 6
    [2] 6 5
    [2] 7 4
    [2] 8 3
    [2] 9 2
    [2] 10 1
    [2] 11 0
    ISLocalToGlobalMapping Object: 3 MPI processes
      type not yet set
    [0] 0 0
    [0] 1 1
    [0] 2 2
    [0] 3 3
    [0] 4 4
    [0] 5 5
    [0] 6 6
    [0] 7 7
    [0] 8 8
    [0] 9 9
    [0] 10 10
    [0] 11 11
    [0] 12 0
    [0] 13 1
    [0] 14 2
    [0] 15 3
    [0] 16 4
    [0] 17 5
    [0] 18 6
    [0] 19 7
    [0] 20 8
    [0] 21 9
    [0] 22 10
    [0] 23 11
    [1] 0 0
    [1] 1 1
    [1] 2 2
    [1] 3 3
    [1] 4 4
    [1] 5 5
    [1] 6 6
    [1] 7 7
    [1] 8 8
    [1] 9 9
    [1] 10 10
    [1] 11 11
    [1] 12 0
    [1] 13 1
    [1] 14 2
    [1] 15 3
    [1] 16 4
    [1] 17 5
    [1] 18 6
    [1] 19 7
    [1] 20 8
    [1] 21 9
    [1] 22 10
    [1] 23 11
    [2] 0 0
    [2] 1 1
    [2] 2 2
    [2] 3 3
    [2] 4 4
    [2] 5 5
    [2] 6 6
    [2] 7 7
    [2] 8 8
    [2] 9 9
    [2] 10 10
    [2] 11 11
Test MatDuplicate and MatAXPY
Test MatConvert_IS_XAIJ
Test MatConvert_XAIJ_IS
Test MatDiagonalScale
Test MatPtAP
Test MatGetLocalSubMatrix
Test MatConvert_Nest_IS
Test MatCreateSubMatrix
Test MatCreateSubMatrices
IS Object: 5 MPI processes
  type: stride
[0] Number of indices in (stride) set 5
[0] 0 6
[0] 1 7
[0] 2 8
[0] 3 9
[0] 4 10
[1] Number of indices in (stride) set 0
[2] Number of indices in (stride) set 0
[3] Number of indices in (stride) set 0
[4] Number of indices in (stride) set 0
Test MatZeroRows (diag zero)
Test MatMissingDiagonal
[0] [0,3) Missing 0, row -1 (diag zero)
[1] [3,6) Missing 0, row -1 (diag zero)
[2] [6,8) Missing 1, row 6 (diag zero)
[3] [8,10) Missing 1, row 8 (diag zero)
[4] [10,12) Missing 1, row 10 (diag zero)
Test MatTranspose
Test MatISFixLocalEmpty
Test MatInvertBlockDiagonal blockdiag 12 0 0 1
Test MatInvertBlockDiagonal blockdiag 12 0 0 2
Test MatInvertBlockDiagonal blockdiag 12 0 0 3
Test MatInvertBlockDiagonal blockdiag 12 0 1 1
Test MatInvertBlockDiagonal blockdiag 12 0 1 2
Test MatInvertBlockDiagonal blockdiag 12 0 1 3
Test MatInvertBlockDiagonal blockdiag 12 0 2 1
Test MatInvertBlockDiagonal blockdiag 12 0 2 2
Test MatInvertBlockDiagonal blockdiag 12 0 2 3
Test MatInvertBlockDiagonal blockdiag 12 1 0 1
Test MatInvertBlockDiagonal blockdiag 12 1 0 2
Test MatInvertBlockDiagonal blockdiag 12 1 0 3
Test MatInvertBlockDiagonal blockdiag 12 1 1 1
Test MatInvertBlockDiagonal blockdiag 12 1 1 2
Test MatInvertBlockDiagonal blockdiag 12 1 1 3
Test MatInvertBlockDiagonal blockdiag 12 1 2 1
Test MatInvertBlockDiagonal blockdiag 12 1 2 2
Test MatInvertBlockDiagonal blockdiag 12 1 2 3
Test MatInvertBlockDiagonal blockdiag 12 2 0 1
Test MatInvertBlockDiagonal blockdiag 12 2 0 2
Test MatInvertBlockDiagonal blockdiag 12 2 0 3
Test MatInvertBlockDiagonal blockdiag 12 2 1 1
Test MatInvertBlockDiagonal blockdiag 12 2 1 2
Test MatInvertBlockDiagonal blockdiag 12 2 1 3
Test MatInvertBlockDiagonal blockdiag 12 2 2 1
Test MatInvertBlockDiagonal blockdiag 12 2 2 2
Test MatInvertBlockDiagonal blockdiag 12 2 2 3
Test MatGetDiagonalBlock
Test MatISSetAllowRepeated(false) with possibly repeated entries
