  type: mpiaij
  row 0:   (0, 4.)    (1, 8.)    (2, 12.)    (3, 16.)
  row 1:   (0, 44.)    (1, 48.)    (2, 52.)    (3, 56.)
  row 2:   (0, 84.)    (1, 88.)    (2, 92.)    (3, 96.)
  row 3:   (0, 124.)    (1, 128.)    (2, 132.)    (3, 136.)
  type: mpiaij
  row 0:   (0, 4.)    (1, 8.)    (2, 12.)    (3, 16.)
  row 1:   (0, 44.)    (1, 48.)    (2, 52.)    (3, 56.)
  row 2:   (0, 84.)    (1, 88.)    (2, 92.)    (3, 96.)
  row 3:   (0, 124.)    (1, 128.)    (2, 132.)    (3, 136.)
  type: mpiaij
  row 0:   (0, 4.)    (1, 8.)    (2, 12.)    (3, 16.)
  row 1:   (0, 44.)    (1, 48.)    (2, 52.)    (3, 56.)
  row 2:   (0, 84.)    (1, 88.)    (2, 92.)    (3, 96.)
  row 3:   (0, 124.)    (1, 128.)    (2, 132.)    (3, 136.)
  type: mpiaij
  row 0:   (0, 4.)    (1, 8.)    (2, 12.)    (3, 16.)
  row 1:   (0, 44.)    (1, 48.)    (2, 52.)    (3, 56.)
  row 2:   (0, 84.)    (1, 88.)    (2, 92.)    (3, 96.)
  row 3:   (0, 124.)    (1, 128.)    (2, 132.)    (3, 136.)
