DM Object: Parallel Mesh 2 MPI processes
  type: plex
Parallel Mesh in 2 dimensions:
Supports:
[0] Max support size: 6
[0]: 8 ----> 17
[0]: 8 ----> 18
[0]: 8 ----> 19
[0]: 9 ----> 19
[0]: 9 ----> 20
[0]: 9 ----> 21
[0]: 9 ----> 22
[0]: 10 ----> 22
[0]: 10 ----> 23
[0]: 11 ----> 24
[0]: 11 ----> 25
[0]: 12 ----> 17
[0]: 12 ----> 24
[0]: 12 ----> 27
[0]: 12 ----> 30
[0]: 13 ----> 25
[0]: 13 ----> 26
[0]: 13 ----> 27
[0]: 13 ----> 29
[0]: 14 ----> 18
[0]: 14 ----> 20
[0]: 14 ----> 28
[0]: 14 ----> 29
[0]: 14 ----> 30
[0]: 14 ----> 31
[0]: 15 ----> 26
[0]: 15 ----> 28
[0]: 15 ----> 32
[0]: 16 ----> 21
[0]: 16 ----> 23
[0]: 16 ----> 31
[0]: 16 ----> 32
[0]: 17 ----> 0
[0]: 18 ----> 0
[0]: 18 ----> 2
[0]: 19 ----> 2
[0]: 20 ----> 1
[0]: 20 ----> 2
[0]: 21 ----> 1
[0]: 21 ----> 3
[0]: 22 ----> 3
[0]: 23 ----> 3
[0]: 24 ----> 4
[0]: 25 ----> 4
[0]: 26 ----> 5
[0]: 27 ----> 4
[0]: 27 ----> 6
[0]: 28 ----> 5
[0]: 28 ----> 7
[0]: 29 ----> 5
[0]: 29 ----> 6
[0]: 30 ----> 0
[0]: 30 ----> 6
[0]: 31 ----> 1
[0]: 31 ----> 7
[0]: 32 ----> 7
[1] Max support size: 6
[1]: 8 ----> 17
[1]: 8 ----> 18
[1]: 9 ----> 17
[1]: 9 ----> 20
[1]: 9 ----> 23
[1]: 9 ----> 26
[1]: 10 ----> 18
[1]: 10 ----> 19
[1]: 10 ----> 20
[1]: 10 ----> 22
[1]: 11 ----> 21
[1]: 11 ----> 22
[1]: 11 ----> 23
[1]: 11 ----> 24
[1]: 11 ----> 27
[1]: 11 ----> 29
[1]: 12 ----> 19
[1]: 12 ----> 21
[1]: 12 ----> 25
[1]: 13 ----> 24
[1]: 13 ----> 25
[1]: 13 ----> 30
[1]: 13 ----> 32
[1]: 14 ----> 26
[1]: 14 ----> 27
[1]: 14 ----> 28
[1]: 15 ----> 28
[1]: 15 ----> 29
[1]: 15 ----> 30
[1]: 15 ----> 31
[1]: 16 ----> 31
[1]: 16 ----> 32
[1]: 17 ----> 0
[1]: 18 ----> 0
[1]: 19 ----> 1
[1]: 20 ----> 0
[1]: 20 ----> 2
[1]: 21 ----> 1
[1]: 21 ----> 3
[1]: 22 ----> 1
[1]: 22 ----> 2
[1]: 23 ----> 2
[1]: 23 ----> 4
[1]: 24 ----> 3
[1]: 24 ----> 5
[1]: 25 ----> 3
[1]: 26 ----> 4
[1]: 27 ----> 4
[1]: 27 ----> 6
[1]: 28 ----> 6
[1]: 29 ----> 5
[1]: 29 ----> 6
[1]: 30 ----> 5
[1]: 30 ----> 7
[1]: 31 ----> 7
[1]: 32 ----> 7
Cones:
[0] Max cone size: 3
[0]: 0 <---- 18 (-1)
[0]: 0 <---- 30 (-1)
[0]: 0 <---- 17 (0)
[0]: 1 <---- 21 (-1)
[0]: 1 <---- 31 (0)
[0]: 1 <---- 20 (-1)
[0]: 2 <---- 18 (0)
[0]: 2 <---- 19 (0)
[0]: 2 <---- 20 (0)
[0]: 3 <---- 21 (0)
[0]: 3 <---- 22 (0)
[0]: 3 <---- 23 (0)
[0]: 4 <---- 24 (0)
[0]: 4 <---- 27 (0)
[0]: 4 <---- 25 (0)
[0]: 5 <---- 28 (0)
[0]: 5 <---- 26 (0)
[0]: 5 <---- 29 (0)
[0]: 6 <---- 27 (-1)
[0]: 6 <---- 30 (0)
[0]: 6 <---- 29 (-1)
[0]: 7 <---- 31 (-1)
[0]: 7 <---- 32 (0)
[0]: 7 <---- 28 (-1)
[0]: 17 <---- 12 (0)
[0]: 17 <---- 8 (0)
[0]: 18 <---- 14 (0)
[0]: 18 <---- 8 (0)
[0]: 19 <---- 8 (0)
[0]: 19 <---- 9 (0)
[0]: 20 <---- 9 (0)
[0]: 20 <---- 14 (0)
[0]: 21 <---- 16 (0)
[0]: 21 <---- 9 (0)
[0]: 22 <---- 9 (0)
[0]: 22 <---- 10 (0)
[0]: 23 <---- 10 (0)
[0]: 23 <---- 16 (0)
[0]: 24 <---- 11 (0)
[0]: 24 <---- 12 (0)
[0]: 25 <---- 13 (0)
[0]: 25 <---- 11 (0)
[0]: 26 <---- 15 (0)
[0]: 26 <---- 13 (0)
[0]: 27 <---- 12 (0)
[0]: 27 <---- 13 (0)
[0]: 28 <---- 14 (0)
[0]: 28 <---- 15 (0)
[0]: 29 <---- 13 (0)
[0]: 29 <---- 14 (0)
[0]: 30 <---- 12 (0)
[0]: 30 <---- 14 (0)
[0]: 31 <---- 16 (0)
[0]: 31 <---- 14 (0)
[0]: 32 <---- 16 (0)
[0]: 32 <---- 15 (0)
[1] Max cone size: 3
[1]: 0 <---- 17 (0)
[1]: 0 <---- 20 (0)
[1]: 0 <---- 18 (0)
[1]: 1 <---- 21 (0)
[1]: 1 <---- 19 (0)
[1]: 1 <---- 22 (0)
[1]: 2 <---- 20 (-1)
[1]: 2 <---- 23 (0)
[1]: 2 <---- 22 (-1)
[1]: 3 <---- 24 (-1)
[1]: 3 <---- 25 (0)
[1]: 3 <---- 21 (-1)
[1]: 4 <---- 27 (-1)
[1]: 4 <---- 23 (-1)
[1]: 4 <---- 26 (0)
[1]: 5 <---- 30 (-1)
[1]: 5 <---- 24 (0)
[1]: 5 <---- 29 (-1)
[1]: 6 <---- 27 (0)
[1]: 6 <---- 28 (0)
[1]: 6 <---- 29 (0)
[1]: 7 <---- 30 (0)
[1]: 7 <---- 31 (0)
[1]: 7 <---- 32 (0)
[1]: 17 <---- 8 (0)
[1]: 17 <---- 9 (0)
[1]: 18 <---- 10 (0)
[1]: 18 <---- 8 (0)
[1]: 19 <---- 12 (0)
[1]: 19 <---- 10 (0)
[1]: 20 <---- 9 (0)
[1]: 20 <---- 10 (0)
[1]: 21 <---- 11 (0)
[1]: 21 <---- 12 (0)
[1]: 22 <---- 10 (0)
[1]: 22 <---- 11 (0)
[1]: 23 <---- 9 (0)
[1]: 23 <---- 11 (0)
[1]: 24 <---- 13 (0)
[1]: 24 <---- 11 (0)
[1]: 25 <---- 13 (0)
[1]: 25 <---- 12 (0)
[1]: 26 <---- 9 (0)
[1]: 26 <---- 14 (0)
[1]: 27 <---- 11 (0)
[1]: 27 <---- 14 (0)
[1]: 28 <---- 14 (0)
[1]: 28 <---- 15 (0)
[1]: 29 <---- 15 (0)
[1]: 29 <---- 11 (0)
[1]: 30 <---- 13 (0)
[1]: 30 <---- 15 (0)
[1]: 31 <---- 15 (0)
[1]: 31 <---- 16 (0)
[1]: 32 <---- 16 (0)
[1]: 32 <---- 13 (0)
coordinates with 1 fields
  field 0 with 2 components
Process 0:
  (   8) dof  2 offset   0 1. 0.
  (   9) dof  2 offset   2 1. 0.5
  (  10) dof  2 offset   4 1. 1.
  (  11) dof  2 offset   6 0. 0.
  (  12) dof  2 offset   8 0.5 0.
  (  13) dof  2 offset  10 0. 0.5
  (  14) dof  2 offset  12 0.5 0.5
  (  15) dof  2 offset  14 0. 1.
  (  16) dof  2 offset  16 0.5 1.
Process 1:
  (   8) dof  2 offset   0 0. 0.
  (   9) dof  2 offset   2 0.5 0.
  (  10) dof  2 offset   4 0. 0.5
  (  11) dof  2 offset   6 0.5 0.5
  (  12) dof  2 offset   8 0. 1.
  (  13) dof  2 offset  10 0.5 1.
  (  14) dof  2 offset  12 1. 0.
  (  15) dof  2 offset  14 1. 0.5
  (  16) dof  2 offset  16 1. 1.
Labels:
Label 'celltype':
[0]: 8 (0)
[0]: 9 (0)
[0]: 10 (0)
[0]: 11 (0)
[0]: 12 (0)
[0]: 13 (0)
[0]: 14 (0)
[0]: 15 (0)
[0]: 16 (0)
[0]: 17 (1)
[0]: 18 (1)
[0]: 19 (1)
[0]: 20 (1)
[0]: 21 (1)
[0]: 22 (1)
[0]: 23 (1)
[0]: 24 (1)
[0]: 25 (1)
[0]: 26 (1)
[0]: 27 (1)
[0]: 28 (1)
[0]: 29 (1)
[0]: 30 (1)
[0]: 31 (1)
[0]: 32 (1)
[0]: 0 (3)
[0]: 1 (3)
[0]: 2 (3)
[0]: 3 (3)
[0]: 4 (3)
[0]: 5 (3)
[0]: 6 (3)
[0]: 7 (3)
[1]: 8 (0)
[1]: 9 (0)
[1]: 10 (0)
[1]: 11 (0)
[1]: 12 (0)
[1]: 13 (0)
[1]: 14 (0)
[1]: 15 (0)
[1]: 16 (0)
[1]: 17 (1)
[1]: 18 (1)
[1]: 19 (1)
[1]: 20 (1)
[1]: 21 (1)
[1]: 22 (1)
[1]: 23 (1)
[1]: 24 (1)
[1]: 25 (1)
[1]: 26 (1)
[1]: 27 (1)
[1]: 28 (1)
[1]: 29 (1)
[1]: 30 (1)
[1]: 31 (1)
[1]: 32 (1)
[1]: 0 (3)
[1]: 1 (3)
[1]: 2 (3)
[1]: 3 (3)
[1]: 4 (3)
[1]: 5 (3)
[1]: 6 (3)
[1]: 7 (3)
Label 'marker':
[0]: 8 (1)
[0]: 9 (1)
[0]: 10 (1)
[0]: 11 (1)
[0]: 12 (1)
[0]: 13 (1)
[0]: 15 (1)
[0]: 16 (1)
[0]: 17 (1)
[0]: 19 (1)
[0]: 22 (1)
[0]: 23 (1)
[0]: 24 (1)
[0]: 25 (1)
[0]: 26 (1)
[0]: 32 (1)
[1]: 8 (1)
[1]: 9 (1)
[1]: 10 (1)
[1]: 12 (1)
[1]: 13 (1)
[1]: 14 (1)
[1]: 15 (1)
[1]: 16 (1)
[1]: 17 (1)
[1]: 18 (1)
[1]: 19 (1)
[1]: 25 (1)
[1]: 26 (1)
[1]: 28 (1)
[1]: 31 (1)
[1]: 32 (1)
Label 'Face Sets':
[0]: 17 (1)
[0]: 24 (1)
[0]: 19 (2)
[0]: 22 (2)
[0]: 23 (3)
[0]: 32 (3)
[0]: 25 (4)
[0]: 26 (4)
[1]: 17 (1)
[1]: 26 (1)
[1]: 28 (2)
[1]: 31 (2)
[1]: 25 (3)
[1]: 32 (3)
[1]: 18 (4)
[1]: 19 (4)
PetscSF Object: 2 MPI processes
  type: basic
  [0] Number of roots=33, leaves=19, remote ranks=1
  [0] 4 <- (1,0)
  [0] 5 <- (1,1)
  [0] 6 <- (1,2)
  [0] 7 <- (1,3)
  [0] 11 <- (1,8)
  [0] 12 <- (1,9)
  [0] 13 <- (1,10)
  [0] 14 <- (1,11)
  [0] 15 <- (1,12)
  [0] 16 <- (1,13)
  [0] 24 <- (1,17)
  [0] 25 <- (1,18)
  [0] 26 <- (1,19)
  [0] 27 <- (1,20)
  [0] 28 <- (1,21)
  [0] 29 <- (1,22)
  [0] 30 <- (1,23)
  [0] 31 <- (1,24)
  [0] 32 <- (1,25)
  [1] Number of roots=33, leaves=14, remote ranks=1
  [1] 4 <- (0,0)
  [1] 5 <- (0,1)
  [1] 6 <- (0,2)
  [1] 7 <- (0,3)
  [1] 14 <- (0,8)
  [1] 15 <- (0,9)
  [1] 16 <- (0,10)
  [1] 26 <- (0,17)
  [1] 27 <- (0,18)
  [1] 28 <- (0,19)
  [1] 29 <- (0,20)
  [1] 30 <- (0,21)
  [1] 31 <- (0,22)
  [1] 32 <- (0,23)
  [0] Roots referenced by my leaves, by rank
  [0] 1: 19 edges
  [0]    4 <- 0
  [0]    5 <- 1
  [0]    6 <- 2
  [0]    7 <- 3
  [0]    11 <- 8
  [0]    12 <- 9
  [0]    13 <- 10
  [0]    14 <- 11
  [0]    15 <- 12
  [0]    16 <- 13
  [0]    24 <- 17
  [0]    25 <- 18
  [0]    26 <- 19
  [0]    27 <- 20
  [0]    28 <- 21
  [0]    29 <- 22
  [0]    30 <- 23
  [0]    31 <- 24
  [0]    32 <- 25
  [1] Roots referenced by my leaves, by rank
  [1] 0: 14 edges
  [1]    4 <- 0
  [1]    5 <- 1
  [1]    6 <- 2
  [1]    7 <- 3
  [1]    14 <- 8
  [1]    15 <- 9
  [1]    16 <- 10
  [1]    26 <- 17
  [1]    27 <- 18
  [1]    28 <- 19
  [1]    29 <- 20
  [1]    30 <- 21
  [1]    31 <- 22
  [1]    32 <- 23
  MultiSF sort=rank-order
