DM Object: Generated Mesh 1 MPI process
  type: plex
Generated Mesh in 2 dimensions:
  Number of 0-cells per rank: 105
  Number of 1-cells per rank: 248
  Number of 2-cells per rank: 144
Labels:
  celltype: 3 strata with value/size (0 (105), 1 (248), 3 (144))
  depth: 3 strata with value/size (0 (105), 1 (248), 2 (144))
  marker: 1 strata with value/size (1 (128))
