DM Object: box 1 MPI process
  type: plex
box in 2 dimensions:
  Number of 0-cells per rank: 9
  Number of 1-cells per rank: 16
  Number of 2-cells per rank: 8
Labels:
  celltype: 3 strata with value/size (0 (9), 1 (16), 3 (8))
  depth: 3 strata with value/size (0 (9), 1 (16), 2 (8))
  marker: 4 strata with value/size (1 (5), 2 (5), 3 (5), 4 (5))
  Face Sets: 4 strata with value/size (1 (2), 2 (2), 3 (2), 4 (2))
DM Object: Adapted Mesh 1 MPI process
  type: plex
Adapted Mesh in 2 dimensions:
  Number of 0-cells per rank: 15
  Number of 1-cells per rank: 26 (6)
  Number of 2-cells per rank: 12 (4)
Labels:
  celltype: 5 strata with value/size (0 (15), 1 (20), 2 (6), 3 (8), 5 (4))
  depth: 3 strata with value/size (0 (15), 1 (26), 2 (12))
  marker: 4 strata with value/size (1 (15), 2 (9), 3 (15), 4 (9))
  Face Sets: 4 strata with value/size (1 (6), 2 (2), 3 (6), 4 (2))
