DM Object: cubeline-fromdag 1 MPI process
  type: plex
cubeline-fromdag in 3 dimensions:
Supports:
[0] Max support size: 2
[0]: 1 ----> 0
[0]: 2 ----> 0
[0]: 3 ----> 0
[0]: 4 ----> 0
[0]: 5 ----> 0
[0]: 6 ----> 0
[0]: 6 ----> 10
[0]: 7 ----> 0
[0]: 8 ----> 0
[0]: 8 ----> 10
[0]: 9 ----> 10
Cones:
[0] Max cone size: 8
[0]: 0 <---- 3 (0)
[0]: 0 <---- 4 (0)
[0]: 0 <---- 2 (0)
[0]: 0 <---- 1 (0)
[0]: 0 <---- 7 (0)
[0]: 0 <---- 5 (0)
[0]: 0 <---- 6 (0)
[0]: 0 <---- 8 (0)
[0]: 10 <---- 6 (0)
[0]: 10 <---- 9 (0)
[0]: 10 <---- 8 (0)
coordinates with 1 fields
  field 0 with 3 components
Process 0:
  (   1) dof  3 offset   0 0. 0. 1.
  (   2) dof  3 offset   3 0. 0. 0.
  (   3) dof  3 offset   6 0. 1. 1.
  (   4) dof  3 offset   9 0. 1. 0.
  (   5) dof  3 offset  12 1. 0. 1.
  (   6) dof  3 offset  15 1. 0. 0.
  (   7) dof  3 offset  18 1. 1. 1.
  (   8) dof  3 offset  21 1. 1. 0.
  (   9) dof  3 offset  24 2. 0. 0.
Labels:
DM Object: cubeline-fromdag (interp_) 1 MPI process
  type: plex
cubeline-fromdag in 3 dimensions:
Supports:
[0] Max support size: 4
[0]: 1 ----> 19
[0]: 1 ----> 20
[0]: 1 ----> 25
[0]: 2 ----> 18
[0]: 2 ----> 19
[0]: 2 ----> 28
[0]: 3 ----> 17
[0]: 3 ----> 20
[0]: 3 ----> 26
[0]: 4 ----> 17
[0]: 4 ----> 18
[0]: 4 ----> 27
[0]: 5 ----> 21
[0]: 5 ----> 22
[0]: 5 ----> 25
[0]: 6 ----> 22
[0]: 6 ----> 23
[0]: 6 ----> 28
[0]: 6 ----> 29
[0]: 7 ----> 21
[0]: 7 ----> 24
[0]: 7 ----> 26
[0]: 8 ----> 23
[0]: 8 ----> 24
[0]: 8 ----> 27
[0]: 8 ----> 30
[0]: 9 ----> 29
[0]: 9 ----> 30
[0]: 10 ----> 0
[0]: 11 ----> 0
[0]: 12 ----> 0
[0]: 13 ----> 0
[0]: 14 ----> 0
[0]: 15 ----> 0
[0]: 17 ----> 10
[0]: 17 ----> 15
[0]: 18 ----> 10
[0]: 18 ----> 13
[0]: 19 ----> 10
[0]: 19 ----> 14
[0]: 20 ----> 10
[0]: 20 ----> 12
[0]: 21 ----> 11
[0]: 21 ----> 12
[0]: 22 ----> 11
[0]: 22 ----> 14
[0]: 23 ----> 11
[0]: 23 ----> 13
[0]: 23 ----> 16
[0]: 24 ----> 11
[0]: 24 ----> 15
[0]: 25 ----> 12
[0]: 25 ----> 14
[0]: 26 ----> 12
[0]: 26 ----> 15
[0]: 27 ----> 13
[0]: 27 ----> 15
[0]: 28 ----> 13
[0]: 28 ----> 14
[0]: 29 ----> 16
[0]: 30 ----> 16
Cones:
[0] Max cone size: 6
[0]: 0 <---- 10 (0)
[0]: 0 <---- 11 (0)
[0]: 0 <---- 12 (0)
[0]: 0 <---- 13 (0)
[0]: 0 <---- 14 (0)
[0]: 0 <---- 15 (0)
[0]: 10 <---- 17 (0)
[0]: 10 <---- 18 (0)
[0]: 10 <---- 19 (0)
[0]: 10 <---- 20 (0)
[0]: 11 <---- 21 (0)
[0]: 11 <---- 22 (0)
[0]: 11 <---- 23 (0)
[0]: 11 <---- 24 (0)
[0]: 12 <---- 20 (-1)
[0]: 12 <---- 25 (0)
[0]: 12 <---- 21 (-1)
[0]: 12 <---- 26 (0)
[0]: 13 <---- 18 (-1)
[0]: 13 <---- 27 (0)
[0]: 13 <---- 23 (-1)
[0]: 13 <---- 28 (0)
[0]: 14 <---- 19 (-1)
[0]: 14 <---- 28 (-1)
[0]: 14 <---- 22 (-1)
[0]: 14 <---- 25 (-1)
[0]: 15 <---- 26 (-1)
[0]: 15 <---- 24 (-1)
[0]: 15 <---- 27 (-1)
[0]: 15 <---- 17 (-1)
[0]: 16 <---- 29 (0)
[0]: 16 <---- 30 (0)
[0]: 16 <---- 23 (-1)
[0]: 17 <---- 3 (0)
[0]: 17 <---- 4 (0)
[0]: 18 <---- 4 (0)
[0]: 18 <---- 2 (0)
[0]: 19 <---- 2 (0)
[0]: 19 <---- 1 (0)
[0]: 20 <---- 1 (0)
[0]: 20 <---- 3 (0)
[0]: 21 <---- 7 (0)
[0]: 21 <---- 5 (0)
[0]: 22 <---- 5 (0)
[0]: 22 <---- 6 (0)
[0]: 23 <---- 6 (0)
[0]: 23 <---- 8 (0)
[0]: 24 <---- 8 (0)
[0]: 24 <---- 7 (0)
[0]: 25 <---- 1 (0)
[0]: 25 <---- 5 (0)
[0]: 26 <---- 7 (0)
[0]: 26 <---- 3 (0)
[0]: 27 <---- 4 (0)
[0]: 27 <---- 8 (0)
[0]: 28 <---- 6 (0)
[0]: 28 <---- 2 (0)
[0]: 29 <---- 6 (0)
[0]: 29 <---- 9 (0)
[0]: 30 <---- 9 (0)
[0]: 30 <---- 8 (0)
coordinates with 1 fields
  field 0 with 3 components
Process 0:
  (   1) dof  3 offset   0 0. 0. 1.
  (   2) dof  3 offset   3 0. 0. 0.
  (   3) dof  3 offset   6 0. 1. 1.
  (   4) dof  3 offset   9 0. 1. 0.
  (   5) dof  3 offset  12 1. 0. 1.
  (   6) dof  3 offset  15 1. 0. 0.
  (   7) dof  3 offset  18 1. 1. 1.
  (   8) dof  3 offset  21 1. 1. 0.
  (   9) dof  3 offset  24 2. 0. 0.
Labels:
Label 'celltype':
[0]: 1 (0)
[0]: 2 (0)
[0]: 3 (0)
[0]: 4 (0)
[0]: 5 (0)
[0]: 6 (0)
[0]: 7 (0)
[0]: 8 (0)
[0]: 9 (0)
[0]: 0 (7)
[0]: 10 (4)
[0]: 11 (4)
[0]: 12 (4)
[0]: 13 (4)
[0]: 14 (4)
[0]: 15 (4)
[0]: 17 (1)
[0]: 18 (1)
[0]: 19 (1)
[0]: 20 (1)
[0]: 21 (1)
[0]: 22 (1)
[0]: 23 (1)
[0]: 24 (1)
[0]: 25 (1)
[0]: 26 (1)
[0]: 27 (1)
[0]: 28 (1)
[0]: 29 (1)
[0]: 30 (1)
[0]: 16 (3)
