[0] <loghandler> PetscLogHandlerCreate_NVTX(): nvtx log handler created
