[0]PETSC ERROR: --------------------- Error Message --------------------------------------------------------------
[0]PETSC ERROR: Corrupt argument: https://petsc.org/release/faq/#valgrind
[0]PETSC ERROR: Object already free: Parameter # 1
[0]PETSC ERROR: See https://petsc.org/release/faq/ for trouble shooting.
[0]PETSC ERROR: #1 PetscObjectDestroy() at destroy.c:0
[0]PETSC ERROR: #2 PetscRunRegisteredFinalizers() at destroy.c:0
[0]PETSC ERROR: #3 PetscObjectRegisterDestroyAll() at destroy.c:0
[0]PETSC ERROR: #4 PetscFinalize() at pinit.c:0
[0]PETSC ERROR: #5 main() at ex70.c:0
[0]PETSC ERROR: ----------------End of Error Message -------send entire error message to petsc-maint@mcs.anl.gov----------
