DM Object: box 1 MPI process
  type: plex
box in 2 dimensions:
  Number of 0-cells per rank: 9
  Number of 1-cells per rank: 12
  Number of 2-cells per rank: 4
Labels:
  marker: 1 strata with value/size (1 (16))
  Face Sets: 4 strata with value/size (1 (2), 2 (2), 3 (2), 4 (2))
  depth: 3 strata with value/size (0 (9), 1 (12), 2 (4))
  celltype: 3 strata with value/size (0 (9), 1 (12), 4 (4))
DM Object: Particles 1 MPI process
  type: swarm
Particles in 2 dimensions:
  Number of particles per rank: 16
Projected L2 Error: 2.83392e-16
