DM Object: box 1 MPI process
  type: plex
box in 2 dimensions:
  Number of 0-cells per rank: 45
  Number of 1-cells per rank: 108
  Number of 2-cells per rank: 64
Labels:
  celltype: 3 strata with value/size (0 (45), 3 (64), 1 (108))
  depth: 3 strata with value/size (0 (45), 1 (108), 2 (64))
  marker: 1 strata with value/size (1 (48))
  Face Sets: 1 strata with value/size (1 (24))
Field fe:
  adjacency FEM
Linear ftop_ solve converged due to CONVERGED_RTOL iterations 92
Total number density:   8.268704838253e-01 (  8.268704838253e-01); x-momentum = 1.01915e-16 (1.65666e-16); energy = 1.77555 error = -3.751707e-16, 225 particles. Use 1 threads
