[{"id":"bakerloo","name":"Bakerloo","modeName":"tube","disruptions":[],"created":"2024-07-09T13:08:01.777Z","modified":"2024-07-09T13:08:01.777Z","lineStatuses":[{"id":0,"lineId":null,"statusSeverity":10,"statusSeverityDescription":"Good Service","reason":null,"created":"0001-01-01T00:00:00","modified":null,"validityPeriods":[],"disruption":null}],"routeSections":[],"serviceTypes":[{"name":"Regular","uri":"/Line/Route?ids=Bakerloo&serviceTypes=Regular"}],"crowding":{"passengerFlows":null,"trainLoadings":null}},{"id":"central","name":"Central","modeName":"tube","disruptions":[],"created":"2024-07-09T13:08:01.777Z","modified":"2024-07-09T13:08:01.777Z","lineStatuses":[{"id":0,"lineId":"central","statusSeverity":9,"statusSeverityDescription":"Minor Delays","reason":"Central Line: Minor delays between Leytonstone and Hainault due to train cancellations. GOOD SERVICE on the rest of the line. ","created":"0001-01-01T00:00:00","modified":null,"validityPeriods":[{"fromDate":"2024-07-15T07:42:48Z","toDate":"2024-07-16T00:29:00Z","isNow":true}],"disruption":{"category":"RealTime","type":null,"categoryDescription":"RealTime","description":"Central Line: Minor delays between Leytonstone and Hainault due to train cancellations. GOOD SERVICE on the rest of the line. ","summary":null,"additionalInfo":null,"created":null,"lastUpdate":null,"affectedRoutes":[],"affectedStops":[],"closureText":"minorDelays"}}],"routeSections":[],"serviceTypes":[{"name":"Regular","uri":"/Line/Route?ids=Central&serviceTypes=Regular"},{"name":"Night","uri":"/Line/Route?ids=Central&serviceTypes=Night"}],"crowding":{"passengerFlows":null,"trainLoadings":null}},{"id":"circle","name":"Circle","modeName":"tube","disruptions":[],"created":"2024-07-09T13:08:01.79Z","modified":"2024-07-09T13:08:01.79Z","lineStatuses":[{"id":0,"lineId":null,"statusSeverity":10,"statusSeverityDescription":"Good Service","reason":null,"created":"0001-01-01T00:00:00","modified":null,"validityPeriods":[],"disruption":null}],"routeSections":[],"serviceTypes":[{"name":"Regular","uri":"/Line/Route?ids=Circle&serviceTypes=Regular"}],"crowding":{"passengerFlows":null,"trainLoadings":null}},{"id":"district","name":"District","modeName":"tube","disruptions":[],"created":"2024-07-09T13:08:01.79Z","modified":"2024-07-09T13:08:01.79Z","lineStatuses":[{"id":0,"lineId":null,"statusSeverity":10,"statusSeverityDescription":"Good Service","reason":null,"created":"0001-01-01T00:00:00","modified":null,"validityPeriods":[],"disruption":null}],"routeSections":[],"serviceTypes":[{"name":"Regular","uri":"/Line/Route?ids=District&serviceTypes=Regular"}],"crowding":{"passengerFlows":null,"trainLoadings":null}},{"id":"hammersmith-city","name":"Hammersmith & City","modeName":"tube","disruptions":[],"created":"2024-07-09T13:08:01.777Z","modified":"2024-07-09T13:08:01.777Z","lineStatuses":[{"id":0,"lineId":null,"statusSeverity":10,"statusSeverityDescription":"Good Service","reason":null,"created":"0001-01-01T00:00:00","modified":null,"validityPeriods":[],"disruption":null}],"routeSections":[],"serviceTypes":[{"name":"Regular","uri":"/Line/Route?ids=Hammersmith & City&serviceTypes=Regular"}],"crowding":{"passengerFlows":null,"trainLoadings":null}},{"id":"jubilee","name":"Jubilee","modeName":"tube","disruptions":[],"created":"2024-07-09T13:08:01.79Z","modified":"2024-07-09T13:08:01.79Z","lineStatuses":[{"id":0,"lineId":null,"statusSeverity":10,"statusSeverityDescription":"Good Service","reason":null,"created":"0001-01-01T00:00:00","modified":null,"validityPeriods":[],"disruption":null}],"routeSections":[],"serviceTypes":[{"name":"Regular","uri":"/Line/Route?ids=Jubilee&serviceTypes=Regular"},{"name":"Night","uri":"/Line/Route?ids=Jubilee&serviceTypes=Night"}],"crowding":{"passengerFlows":null,"trainLoadings":null}},{"id":"london-overground","name":"London Overground","modeName":"overground","disruptions":[],"created":"2024-07-09T13:08:01.777Z","modified":"2024-07-09T13:08:01.777Z","lineStatuses":[{"id":0,"lineId":null,"statusSeverity":10,"statusSeverityDescription":"Good Service","reason":null,"created":"0001-01-01T00:00:00","modified":null,"validityPeriods":[],"disruption":null}],"routeSections":[],"serviceTypes":[{"name":"Regular","uri":"/Line/Route?ids=London Overground&serviceTypes=Regular"},{"name":"Night","uri":"/Line/Route?ids=London Overground&serviceTypes=Night"}],"crowding":{"passengerFlows":null,"trainLoadings":null}},{"id":"metropolitan","name":"Metropolitan","modeName":"tube","disruptions":[],"created":"2024-07-09T13:08:01.79Z","modified":"2024-07-09T13:08:01.79Z","lineStatuses":[{"id":0,"lineId":null,"statusSeverity":10,"statusSeverityDescription":"Good Service","reason":null,"created":"0001-01-01T00:00:00","modified":null,"validityPeriods":[],"disruption":null}],"routeSections":[],"serviceTypes":[{"name":"Regular","uri":"/Line/Route?ids=Metropolitan&serviceTypes=Regular"}],"crowding":{"passengerFlows":null,"trainLoadings":null}},{"id":"northern","name":"Northern","modeName":"tube","disruptions":[],"created":"2024-07-09T13:08:01.79Z","modified":"2024-07-09T13:08:01.79Z","lineStatuses":[{"id":0,"lineId":null,"statusSeverity":10,"statusSeverityDescription":"Good Service","reason":null,"created":"0001-01-01T00:00:00","modified":null,"validityPeriods":[],"disruption":null}],"routeSections":[],"serviceTypes":[{"name":"Regular","uri":"/Line/Route?ids=Northern&serviceTypes=Regular"},{"name":"Night","uri":"/Line/Route?ids=Northern&serviceTypes=Night"}],"crowding":{"passengerFlows":null,"trainLoadings":null}},{"id":"piccadilly","name":"Piccadilly","modeName":"tube","disruptions":[],"created":"2024-07-09T13:08:01.777Z","modified":"2024-07-09T13:08:01.777Z","lineStatuses":[{"id":0,"lineId":"piccadilly","statusSeverity":3,"statusSeverityDescription":"Part Suspended","reason":"Piccadilly Line: No service between Rayners Lane and Uxbridge due to a points failure at Uxbridge. GOOD SERVICE on the rest of the line. To continue your journey beyond Rayners Lane, please change at Rayners Lane for the Metropolitan line. ","created":"0001-01-01T00:00:00","modified":null,"validityPeriods":[{"fromDate":"2024-07-15T06:59:31Z","toDate":"2024-07-15T18:39:27Z","isNow":true}],"disruption":{"category":"RealTime","type":null,"categoryDescription":"RealTime","description":"Piccadilly Line: No service between Rayners Lane and Uxbridge due to a points failure at Uxbridge. GOOD SERVICE on the rest of the line. To continue your journey beyond Rayners Lane, please change at Rayners Lane for the Metropolitan line. ","summary":null,"additionalInfo":null,"created":null,"lastUpdate":null,"affectedRoutes":[],"affectedStops":[],"closureText":"partSuspended"}}],"routeSections":[],"serviceTypes":[{"name":"Regular","uri":"/Line/Route?ids=Piccadilly&serviceTypes=Regular"},{"name":"Night","uri":"/Line/Route?ids=Piccadilly&serviceTypes=Night"}],"crowding":{"passengerFlows":null,"trainLoadings":null}},{"id":"victoria","name":"Victoria","modeName":"tube","disruptions":[],"created":"2024-07-09T13:08:01.79Z","modified":"2024-07-09T13:08:01.79Z","lineStatuses":[{"id":0,"lineId":null,"statusSeverity":10,"statusSeverityDescription":"Good Service","reason":null,"created":"0001-01-01T00:00:00","modified":null,"validityPeriods":[],"disruption":null}],"routeSections":[],"serviceTypes":[{"name":"Regular","uri":"/Line/Route?ids=Victoria&serviceTypes=Regular"},{"name":"Night","uri":"/Line/Route?ids=Victoria&serviceTypes=Night"}],"crowding":{"passengerFlows":null,"trainLoadings":null}},{"id":"waterloo-city","name":"Waterloo & City","modeName":"tube","disruptions":[],"created":"2024-07-09T13:08:01.79Z","modified":"2024-07-09T13:08:01.79Z","lineStatuses":[{"id":0,"lineId":null,"statusSeverity":10,"statusSeverityDescription":"Good Service","reason":null,"created":"0001-01-01T00:00:00","modified":null,"validityPeriods":[],"disruption":null}],"routeSections":[],"serviceTypes":[{"name":"Regular","uri":"/Line/Route?ids=Waterloo & City&serviceTypes=Regular"}],"crowding":{"passengerFlows":null,"trainLoadings":null}}]