[
  {
    "id": "victoria",
    "name": "Victoria",
    "modeName": "tube",
    "disruptions": [],
    "created": "2024-07-09T13:08:01.79Z",
    "modified": "2024-07-09T13:08:01.79Z",
    "lineStatuses": [],
    "routeSections": [
      {
        "routeCode": null,
        "name": "Walthamstow Central Underground Station - Brixton Underground Station",
        "direction": "inbound",
        "originationName": "Walthamstow Central Underground Station",
        "destinationName": "Brixton Underground Station",
        "originator": "940GZZLUWWL",
        "destination": "940GZZLUBXN",
        "serviceType": "Regular",
        "validTo": "2024-12-23T00:00:00Z",
        "validFrom": "2024-07-06T00:00:00Z"
      },
      {
        "routeCode": null,
        "name": "Brixton Underground Station - Walthamstow Central Underground Station",
        "direction": "outbound",
        "originationName": "Brixton Underground Station",
        "destinationName": "Walthamstow Central Underground Station",
        "originator": "940GZZLUBXN",
        "destination": "940GZZLUWWL",
        "serviceType": "Regular",
        "validTo": "2024-12-23T00:00:00Z",
        "validFrom": "2024-07-06T00:00:00Z"
      }
    ],
    "serviceTypes": [
      {
        "name": "Regular",
        "uri": "/Line/Route?ids=Victoria&serviceTypes=Regular"
      },
      {
        "name": "Night",
        "uri": "/Line/Route?ids=Victoria&serviceTypes=Night"
      }
    ],
    "crowding": {
      "passengerFlows": null,
      "trainLoadings": null
    }
  }
]