[
  {
    "naptanId": "940GZZLUASL",
    "platformName": null,
    "indicator": null,
    "stopLetter": null,
    "modes": [
      "tube"
    ],
    "icsCode": "1000010",
    "smsCode": null,
    "stopType": "NaptanMetroStation",
    "stationNaptan": "940GZZLUASL",
    "accessibilitySummary": null,
    "hubNaptanCode": null,
    "lines": [
      {
        "id": "piccadilly",
        "name": "Piccadilly",
        "uri": "/Line/piccadilly",
        "fullName": null,
        "type": "Line",
        "crowding": {
          "passengerFlows": null,
          "trainLoadings": null
        },
        "routeType": "Unknown",
        "status": "Unknown"
      }
    ],
    "lineGroup": [
      {
        "naptanIdReference": null,
        "stationAtcoCode": "940GZZLUASL",
        "lineIdentifier": [
          "piccadilly"
        ]
      }
    ],
    "lineModeGroups": [
      {
        "modeName": "tube",
        "lineIdentifier": [
          "piccadilly"
        ]
      }
    ],
    "fullName": null,
    "naptanMode": null,
    "status": true,
    "id": "940GZZLUASL",
    "url": null,
    "commonName": "Arsenal Underground Station",
    "distance": null,
    "placeType": "StopPoint",
    "additionalProperties": [
      {
        "category": "ServiceInfo",
        "key": "Night",
        "sourceSystemKey": "TransXchangeETL",
        "value": "yes",
        "modified": null
      },
      {
        "category": "Facility",
        "key": "Lifts",
        "sourceSystemKey": "StaticObjects",
        "value": "0",
        "modified": null
      },
      {
        "category": "Address",
        "key": "PhoneNo",
        "sourceSystemKey": "StaticObjects",
        "value": "0845 330 9880",
        "modified": null
      },
      {
        "category": "Facility",
        "key": "Ticket Halls",
        "sourceSystemKey": "StaticObjects",
        "value": "1",
        "modified": null
      },
      {
        "category": "Facility",
        "key": "Car park",
        "sourceSystemKey": "StaticObjects",
        "value": "no",
        "modified": null
      },
      {
        "category": "Facility",
        "key": "Cash Machines",
        "sourceSystemKey": "StaticObjects",
        "value": "0",
        "modified": null
      },
      {
        "category": "Geo",
        "key": "Zone",
        "sourceSystemKey": "StaticObjects",
        "value": "2",
        "modified": null
      },
      {
        "category": "Facility",
        "key": "Escalators",
        "sourceSystemKey": "StaticObjects",
        "value": "0",
        "modified": null
      },
      {
        "category": "Facility",
        "key": "Photo Booths",
        "sourceSystemKey": "StaticObjects",
        "value": "0",
        "modified": null
      },
      {
        "category": "Facility",
        "key": "Waiting Room",
        "sourceSystemKey": "StaticObjects",
        "value": "no",
        "modified": null
      },
      {
        "category": "Address",
        "key": "Address",
        "sourceSystemKey": "StaticObjects",
        "value": "Arsenal Station,London Underground Ltd.,Highbury Hill,London,N5 1LP",
        "modified": null
      },
      {
        "category": "Facility",
        "key": "Help Points",
        "sourceSystemKey": "StaticObjects",
        "value": "4 on platforms, 0 in ticket halls, 1 elsewhere",
        "modified": null
      },
      {
        "category": "Facility",
        "key": "Other Facilities",
        "sourceSystemKey": "StaticObjects",
        "value": "routeways platform to ticket hall.",
        "modified": null
      },
      {
        "category": "Facility",
        "key": "Toilets",
        "sourceSystemKey": "StaticObjects",
        "value": "no",
        "modified": null
      },
      {
        "category": "Facility",
        "key": "WiFi",
        "sourceSystemKey": "StaticObjects",
        "value": "yes",
        "modified": null
      },
      {
        "category": "Facility",
        "key": "Bridge",
        "sourceSystemKey": "StaticObjects",
        "value": "no",
        "modified": null
      },
      {
        "category": "Facility",
        "key": "Gates",
        "sourceSystemKey": "StaticObjects",
        "value": "3",
        "modified": null
      },
      {
        "category": "Facility",
        "key": "Payphones",
        "sourceSystemKey": "StaticObjects",
        "value": "0",
        "modified": null
      }
    ],
    "children": [
      {
        "id": "4900ZZLUASL1",
        "url": null,
        "commonName": "Arsenal Underground Station",
        "distance": null,
        "placeType": "StopPoint",
        "additionalProperties": [
          {
            "category": "Facility",
            "key": "Other Facilities",
            "sourceSystemKey": "StaticObjects",
            "value": "routeways platform to ticket hall.",
            "modified": null
          },
          {
            "category": "Facility",
            "key": "Escalators",
            "sourceSystemKey": "StaticObjects",
            "value": "0",
            "modified": null
          },
          {
            "category": "Facility",
            "key": "Help Points",
            "sourceSystemKey": "StaticObjects",
            "value": "4 on platforms, 0 in ticket halls, 1 elsewhere",
            "modified": null
          },
          {
            "category": "Facility",
            "key": "Toilets",
            "sourceSystemKey": "StaticObjects",
            "value": "no",
            "modified": null
          },
          {
            "category": "Geo",
            "key": "Zone",
            "sourceSystemKey": "StaticObjects",
            "value": "2",
            "modified": null
          },
          {
            "category": "Facility",
            "key": "Gates",
            "sourceSystemKey": "StaticObjects",
            "value": "3",
            "modified": null
          },
          {
            "category": "Address",
            "key": "PhoneNo",
            "sourceSystemKey": "StaticObjects",
            "value": "0845 330 9880",
            "modified": null
          },
          {
            "category": "Facility",
            "key": "Bridge",
            "sourceSystemKey": "StaticObjects",
            "value": "no",
            "modified": null
          },
          {
            "category": "Facility",
            "key": "Ticket Halls",
            "sourceSystemKey": "StaticObjects",
            "value": "1",
            "modified": null
          },
          {
            "category": "Facility",
            "key": "Car park",
            "sourceSystemKey": "StaticObjects",
            "value": "no",
            "modified": null
          },
          {
            "category": "Facility",
            "key": "Cash Machines",
            "sourceSystemKey": "StaticObjects",
            "value": "0",
            "modified": null
          },
          {
            "category": "Facility",
            "key": "Lifts",
            "sourceSystemKey": "StaticObjects",
            "value": "0",
            "modified": null
          },
          {
            "category": "Facility",
            "key": "Payphones",
            "sourceSystemKey": "StaticObjects",
            "value": "0",
            "modified": null
          },
          {
            "category": "Facility",
            "key": "Waiting Room",
            "sourceSystemKey": "StaticObjects",
            "value": "no",
            "modified": null
          },
          {
            "category": "Address",
            "key": "Address",
            "sourceSystemKey": "StaticObjects",
            "value": "Arsenal Station,London Underground Ltd.,Highbury Hill,London,N5 1LP",
            "modified": null
          },
          {
            "category": "Facility",
            "key": "Photo Booths",
            "sourceSystemKey": "StaticObjects",
            "value": "0",
            "modified": null
          },
          {
            "category": "Facility",
            "key": "WiFi",
            "sourceSystemKey": "StaticObjects",
            "value": "yes",
            "modified": null
          }
        ],
        "children": [],
        "childrenUrls": null,
        "lat": 51.5584,
        "lon": -0.105679
      },
      {
        "id": "490G00010W",
        "url": null,
        "commonName": "Arsenal",
        "distance": null,
        "placeType": "StopPoint",
        "additionalProperties": [
          {
            "category": "Facility",
            "key": "Cash Machines",
            "sourceSystemKey": "StaticObjects",
            "value": "0",
            "modified": null
          },
          {
            "category": "Geo",
            "key": "Zone",
            "sourceSystemKey": "StaticObjects",
            "value": "2",
            "modified": null
          },
          {
            "category": "Facility",
            "key": "Car park",
            "sourceSystemKey": "StaticObjects",
            "value": "no",
            "modified": null
          },
          {
            "category": "Facility",
            "key": "Gates",
            "sourceSystemKey": "StaticObjects",
            "value": "3",
            "modified": null
          },
          {
            "category": "Address",
            "key": "PhoneNo",
            "sourceSystemKey": "StaticObjects",
            "value": "0845 330 9880",
            "modified": null
          },
          {
            "category": "Facility",
            "key": "Waiting Room",
            "sourceSystemKey": "StaticObjects",
            "value": "no",
            "modified": null
          },
          {
            "category": "Facility",
            "key": "WiFi",
            "sourceSystemKey": "StaticObjects",
            "value": "yes",
            "modified": null
          },
          {
            "category": "Facility",
            "key": "Escalators",
            "sourceSystemKey": "StaticObjects",
            "value": "0",
            "modified": null
          },
          {
            "category": "Facility",
            "key": "Help Points",
            "sourceSystemKey": "StaticObjects",
            "value": "4 on platforms, 0 in ticket halls, 1 elsewhere",
            "modified": null
          },
          {
            "category": "Facility",
            "key": "Toilets",
            "sourceSystemKey": "StaticObjects",
            "value": "no",
            "modified": null
          },
          {
            "category": "Address",
            "key": "Address",
            "sourceSystemKey": "StaticObjects",
            "value": "Arsenal Station,London Underground Ltd.,Highbury Hill,London,N5 1LP",
            "modified": null
          },
          {
            "category": "Facility",
            "key": "Other Facilities",
            "sourceSystemKey": "StaticObjects",
            "value": "routeways platform to ticket hall.",
            "modified": null
          },
          {
            "category": "Facility",
            "key": "Photo Booths",
            "sourceSystemKey": "StaticObjects",
            "value": "0",
            "modified": null
          },
          {
            "category": "Facility",
            "key": "Bridge",
            "sourceSystemKey": "StaticObjects",
            "value": "no",
            "modified": null
          },
          {
            "category": "Facility",
            "key": "Lifts",
            "sourceSystemKey": "StaticObjects",
            "value": "0",
            "modified": null
          },
          {
            "category": "Facility",
            "key": "Payphones",
            "sourceSystemKey": "StaticObjects",
            "value": "0",
            "modified": null
          },
          {
            "category": "Facility",
            "key": "Ticket Halls",
            "sourceSystemKey": "StaticObjects",
            "value": "1",
            "modified": null
          }
        ],
        "children": [],
        "childrenUrls": null,
        "lat": 51.558655,
        "lon": -0.107457
      },
      {
        "id": "9400ZZLUASL",
        "url": null,
        "commonName": "Arsenal Underground Station",
        "distance": null,
        "placeType": "StopPoint",
        "additionalProperties": [
          {
            "category": "Facility",
            "key": "Payphones",
            "sourceSystemKey": "StaticObjects",
            "value": "0",
            "modified": null
          },
          {
            "category": "Address",
            "key": "Address",
            "sourceSystemKey": "StaticObjects",
            "value": "Arsenal Station,London Underground Ltd.,Highbury Hill,London,N5 1LP",
            "modified": null
          },
          {
            "category": "Facility",
            "key": "Ticket Halls",
            "sourceSystemKey": "StaticObjects",
            "value": "1",
            "modified": null
          },
          {
            "category": "Facility",
            "key": "WiFi",
            "sourceSystemKey": "StaticObjects",
            "value": "yes",
            "modified": null
          },
          {
            "category": "Facility",
            "key": "Photo Booths",
            "sourceSystemKey": "StaticObjects",
            "value": "0",
            "modified": null
          },
          {
            "category": "Geo",
            "key": "Zone",
            "sourceSystemKey": "StaticObjects",
            "value": "2",
            "modified": null
          },
          {
            "category": "Facility",
            "key": "Car park",
            "sourceSystemKey": "StaticObjects",
            "value": "no",
            "modified": null
          },
          {
            "category": "Facility",
            "key": "Escalators",
            "sourceSystemKey": "StaticObjects",
            "value": "0",
            "modified": null
          },
          {
            "category": "Address",
            "key": "PhoneNo",
            "sourceSystemKey": "StaticObjects",
            "value": "0845 330 9880",
            "modified": null
          },
          {
            "category": "Facility",
            "key": "Cash Machines",
            "sourceSystemKey": "StaticObjects",
            "value": "0",
            "modified": null
          },
          {
            "category": "Facility",
            "key": "Other Facilities",
            "sourceSystemKey": "StaticObjects",
            "value": "routeways platform to ticket hall.",
            "modified": null
          },
          {
            "category": "Facility",
            "key": "Waiting Room",
            "sourceSystemKey": "StaticObjects",
            "value": "no",
            "modified": null
          },
          {
            "category": "Facility",
            "key": "Gates",
            "sourceSystemKey": "StaticObjects",
            "value": "3",
            "modified": null
          },
          {
            "category": "Facility",
            "key": "Help Points",
            "sourceSystemKey": "StaticObjects",
            "value": "4 on platforms, 0 in ticket halls, 1 elsewhere",
            "modified": null
          },
          {
            "category": "Facility",
            "key": "Lifts",
            "sourceSystemKey": "StaticObjects",
            "value": "0",
            "modified": null
          },
          {
            "category": "Facility",
            "key": "Toilets",
            "sourceSystemKey": "StaticObjects",
            "value": "no",
            "modified": null
          },
          {
            "category": "Facility",
            "key": "Bridge",
            "sourceSystemKey": "StaticObjects",
            "value": "no",
            "modified": null
          }
        ],
        "children": [],
        "childrenUrls": null,
        "lat": 51.558655,
        "lon": -0.107457
      },
      {
        "id": "9400ZZLUASL1",
        "url": null,
        "commonName": "Arsenal Underground Station",
        "distance": null,
        "placeType": "StopPoint",
        "additionalProperties": [
          {
            "category": "Address",
            "key": "Address",
            "sourceSystemKey": "StaticObjects",
            "value": "Arsenal Station,London Underground Ltd.,Highbury Hill,London,N5 1LP",
            "modified": null
          },
          {
            "category": "Facility",
            "key": "Other Facilities",
            "sourceSystemKey": "StaticObjects",
            "value": "routeways platform to ticket hall.",
            "modified": null
          },
          {
            "category": "Facility",
            "key": "Ticket Halls",
            "sourceSystemKey": "StaticObjects",
            "value": "1",
            "modified": null
          },
          {
            "category": "Facility",
            "key": "WiFi",
            "sourceSystemKey": "StaticObjects",
            "value": "yes",
            "modified": null
          },
          {
            "category": "Address",
            "key": "PhoneNo",
            "sourceSystemKey": "StaticObjects",
            "value": "0845 330 9880",
            "modified": null
          },
          {
            "category": "Facility",
            "key": "Bridge",
            "sourceSystemKey": "StaticObjects",
            "value": "no",
            "modified": null
          },
          {
            "category": "Facility",
            "key": "Payphones",
            "sourceSystemKey": "StaticObjects",
            "value": "0",
            "modified": null
          },
          {
            "category": "Geo",
            "key": "Zone",
            "sourceSystemKey": "StaticObjects",
            "value": "2",
            "modified": null
          },
          {
            "category": "Facility",
            "key": "Cash Machines",
            "sourceSystemKey": "StaticObjects",
            "value": "0",
            "modified": null
          },
          {
            "category": "Facility",
            "key": "Help Points",
            "sourceSystemKey": "StaticObjects",
            "value": "4 on platforms, 0 in ticket halls, 1 elsewhere",
            "modified": null
          },
          {
            "category": "Facility",
            "key": "Lifts",
            "sourceSystemKey": "StaticObjects",
            "value": "0",
            "modified": null
          },
          {
            "category": "Facility",
            "key": "Toilets",
            "sourceSystemKey": "StaticObjects",
            "value": "no",
            "modified": null
          },
          {
            "category": "Facility",
            "key": "Gates",
            "sourceSystemKey": "StaticObjects",
            "value": "3",
            "modified": null
          },
          {
            "category": "Facility",
            "key": "Car park",
            "sourceSystemKey": "StaticObjects",
            "value": "no",
            "modified": null
          },
          {
            "category": "Facility",
            "key": "Escalators",
            "sourceSystemKey": "StaticObjects",
            "value": "0",
            "modified": null
          },
          {
            "category": "Facility",
            "key": "Photo Booths",
            "sourceSystemKey": "StaticObjects",
            "value": "0",
            "modified": null
          },
          {
            "category": "Facility",
            "key": "Waiting Room",
            "sourceSystemKey": "StaticObjects",
            "value": "no",
            "modified": null
          }
        ],
        "children": [],
        "childrenUrls": null,
        "lat": 51.558681,
        "lon": -0.107903
      },
      {
        "id": "9400ZZLUASL2",
        "url": null,
        "commonName": "Arsenal Underground Station",
        "distance": null,
        "placeType": "StopPoint",
        "additionalProperties": [
          {
            "category": "Facility",
            "key": "Other Facilities",
            "sourceSystemKey": "StaticObjects",
            "value": "routeways platform to ticket hall.",
            "modified": null
          },
          {
            "category": "Facility",
            "key": "Ticket Halls",
            "sourceSystemKey": "StaticObjects",
            "value": "1",
            "modified": null
          },
          {
            "category": "Facility",
            "key": "WiFi",
            "sourceSystemKey": "StaticObjects",
            "value": "yes",
            "modified": null
          },
          {
            "category": "Address",
            "key": "PhoneNo",
            "sourceSystemKey": "StaticObjects",
            "value": "0845 330 9880",
            "modified": null
          },
          {
            "category": "Address",
            "key": "Address",
            "sourceSystemKey": "StaticObjects",
            "value": "Arsenal Station,London Underground Ltd.,Highbury Hill,London,N5 1LP",
            "modified": null
          },
          {
            "category": "Facility",
            "key": "Help Points",
            "sourceSystemKey": "StaticObjects",
            "value": "4 on platforms, 0 in ticket halls, 1 elsewhere",
            "modified": null
          },
          {
            "category": "Facility",
            "key": "Toilets",
            "sourceSystemKey": "StaticObjects",
            "value": "no",
            "modified": null
          },
          {
            "category": "Facility",
            "key": "Bridge",
            "sourceSystemKey": "StaticObjects",
            "value": "no",
            "modified": null
          },
          {
            "category": "Facility",
            "key": "Payphones",
            "sourceSystemKey": "StaticObjects",
            "value": "0",
            "modified": null
          },
          {
            "category": "Facility",
            "key": "Gates",
            "sourceSystemKey": "StaticObjects",
            "value": "3",
            "modified": null
          },
          {
            "category": "Facility",
            "key": "Car park",
            "sourceSystemKey": "StaticObjects",
            "value": "no",
            "modified": null
          },
          {
            "category": "Facility",
            "key": "Lifts",
            "sourceSystemKey": "StaticObjects",
            "value": "0",
            "modified": null
          },
          {
            "category": "Facility",
            "key": "Escalators",
            "sourceSystemKey": "StaticObjects",
            "value": "0",
            "modified": null
          },
          {
            "category": "Geo",
            "key": "Zone",
            "sourceSystemKey": "StaticObjects",
            "value": "2",
            "modified": null
          },
          {
            "category": "Facility",
            "key": "Cash Machines",
            "sourceSystemKey": "StaticObjects",
            "value": "0",
            "modified": null
          },
          {
            "category": "Facility",
            "key": "Photo Booths",
            "sourceSystemKey": "StaticObjects",
            "value": "0",
            "modified": null
          },
          {
            "category": "Facility",
            "key": "Waiting Room",
            "sourceSystemKey": "StaticObjects",
            "value": "no",
            "modified": null
          }
        ],
        "children": [],
        "childrenUrls": null,
        "lat": 51.558699,
        "lon": -0.107931
      }
    ],
    "childrenUrls": null,
    "lat": 51.558655,
    "lon": -0.107457
  }
]