2088282	dummy-pkg	succeeded
2014210	dummy-pkg	failed
1966447	dummy-pkg	failed
1958830	dummy-pkg	succeeded
1939925	None	failed
