0	0.05	0.	pass
0	0.1	7.17845e-11	pass
0	0.399422	3.68333e-12	pass
0	0.552705	2.07289e-09	pass
0	0.874511	1.49325e-13	pass
0	0.904788	2.20728e-11	pass
0	1.	2.47491e-12	pass
0	1.	2.47491e-12	pass
0	1.	2.47491e-12	pass
0	1.02	1.42394e-08	pass
0	1.69681	1.31006e-12	pass
0	2.	1.88058e-10	pass
0	2.38836	1.72425e-09	pass
0	2.5	0.	pass
0	3.	6.53573e-09	pass
0	4.	0.	pass
This test: PASSED
