0	0.904788	1.81093e-07	pass
0	1.	7.62612e-09	pass
0	2.38836	1.72425e-09	pass
0	3.	6.53573e-09	pass
This test: PASSED
