Function tests FAIL for order 2 at tolerance 1e-10 error 0.0931695
Function tests FAIL for order 2 derivatives at tolerance 1e-10 error 0.408248
Interpolation tests FAIL for order 2 at tolerance 1e-10 error 0.0982706
Interpolation tests FAIL for order 2 derivatives at tolerance 1e-10 error 0.408248
Interpolation tests FAIL for order 2 at tolerance 1e-10 error 0.182032
Interpolation tests FAIL for order 2 derivatives at tolerance 1e-10 error 0.670442
