DM Object: cubit(SquareFaceSet.gen): 08/02/2022: 12:09:03 1 MPI process
  type: plex
cubit(SquareFaceSet.gen): 08/02/2022: 12:09:03 in 2 dimensions:
  Number of 0-cells per rank: 9
  Number of 1-cells per rank: 16
  Number of 2-cells per rank: 8
Labels:
  celltype: 3 strata with value/size (0 (9), 1 (16), 3 (8))
  depth: 3 strata with value/size (0 (9), 1 (16), 2 (8))
  Cell Sets: 1 strata with value/size (1 (8))
  Vertex Sets: 2 strata with value/size (10 (3), 11 (3))
  Face Sets: 3 strata with value/size (20 (2), 21 (2), 22 (4))
# Vertex set: 2
set 0 size: 3
	 point 11
	 point 12
	 point 14
set 1 size: 3
	 point 8
	 point 15
	 point 16
PetscSection Object: 1 MPI process
  type not yet set
1 fields
  field 0 "U" with 2 components
Process 0:
  (   0) dof  0 offset   0
  (   1) dof  0 offset   0
  (   2) dof  0 offset   0
  (   3) dof  0 offset   0
  (   4) dof  0 offset   0
  (   5) dof  0 offset   0
  (   6) dof  0 offset   0
  (   7) dof  0 offset   0
  (   8) dof  2 offset   0 constrained 1
  (   9) dof  2 offset   2
  (  10) dof  2 offset   4
  (  11) dof  2 offset   6 constrained 0
  (  12) dof  2 offset   8 constrained 0
  (  13) dof  2 offset  10
  (  14) dof  2 offset  12 constrained 0
  (  15) dof  2 offset  14 constrained 1
  (  16) dof  2 offset  16 constrained 1
  (  17) dof  0 offset  18
  (  18) dof  0 offset  18
  (  19) dof  0 offset  18
  (  20) dof  0 offset  18
  (  21) dof  0 offset  18
  (  22) dof  0 offset  18
  (  23) dof  0 offset  18
  (  24) dof  0 offset  18
  (  25) dof  0 offset  18
  (  26) dof  0 offset  18
  (  27) dof  0 offset  18
  (  28) dof  0 offset  18
  (  29) dof  0 offset  18
  (  30) dof  0 offset  18
  (  31) dof  0 offset  18
  (  32) dof  0 offset  18
