Local to global mapping of dmred
ISLocalToGlobalMapping Object: 1 MPI process
  type not yet set
[0] 0 0
[0] 1 1
[0] 2 2
[0] 3 3
[0] 4 4
Local to global mapping of da
ISLocalToGlobalMapping Object: 1 MPI process
  type not yet set
[0] 0:2 -2:0
[0] 2:4 8:10
[0] 4:6 10:12
[0] 6:8 12:14
[0] 8:10 14:16
[0] 10:12 -2:0
[0] 12:14 2:4
[0] 14:16 0:2
[0] 16:18 2:4
[0] 18:20 4:6
[0] 20:22 6:8
[0] 22:24 4:6
[0] 24:26 10:12
[0] 26:28 8:10
[0] 28:30 10:12
[0] 30:32 12:14
[0] 32:34 14:16
[0] 34:36 12:14
[0] 36:38 18:20
[0] 38:40 16:18
[0] 40:42 18:20
[0] 42:44 20:22
[0] 44:46 22:24
[0] 46:48 20:22
[0] 48:50 26:28
[0] 50:52 24:26
[0] 52:54 26:28
[0] 54:56 28:30
[0] 56:58 30:32
[0] 58:60 28:30
[0] 60:62 -2:0
[0] 62:64 16:18
[0] 64:66 18:20
[0] 66:68 20:22
[0] 68:70 22:24
[0] 70:72 -2:0
Mat Object: 1 MPI process
  type: nest
  Matrix object:
    type=nest, rows=2, cols=2
    MatNest structure:
    (0,0) : type=seqaij, rows=5, cols=5
    (0,1) : NULL
    (1,0) : NULL
    (1,1) : type=seqaij, rows=32, cols=32
Local to global mapping of dmred vector
ISLocalToGlobalMapping Object: 1 MPI process
  type not yet set
[0] 0 0
[0] 1 1
[0] 2 2
[0] 3 3
[0] 4 4
Local to global mapping of da vector
ISLocalToGlobalMapping Object: 1 MPI process
  type not yet set
[0] 0 -7
[0] 1 -6
[0] 2 13
[0] 3 14
[0] 4 15
[0] 5 16
[0] 6 17
[0] 7 18
[0] 8 19
[0] 9 20
[0] 10 -7
[0] 11 -6
[0] 12 7
[0] 13 8
[0] 14 5
[0] 15 6
[0] 16 7
[0] 17 8
[0] 18 9
[0] 19 10
[0] 20 11
[0] 21 12
[0] 22 9
[0] 23 10
[0] 24 15
[0] 25 16
[0] 26 13
[0] 27 14
[0] 28 15
[0] 29 16
[0] 30 17
[0] 31 18
[0] 32 19
[0] 33 20
[0] 34 17
[0] 35 18
[0] 36 23
[0] 37 24
[0] 38 21
[0] 39 22
[0] 40 23
[0] 41 24
[0] 42 25
[0] 43 26
[0] 44 27
[0] 45 28
[0] 46 25
[0] 47 26
[0] 48 31
[0] 49 32
[0] 50 29
[0] 51 30
[0] 52 31
[0] 53 32
[0] 54 33
[0] 55 34
[0] 56 35
[0] 57 36
[0] 58 33
[0] 59 34
[0] 60 -7
[0] 61 -6
[0] 62 21
[0] 63 22
[0] 64 23
[0] 65 24
[0] 66 25
[0] 67 26
[0] 68 27
[0] 69 28
[0] 70 -7
[0] 71 -6
